#
# A fatal error has been detected by the Java Runtime Environment:
#
#  SIGSEGV (0xb) at pc=0x00007f2fa3fe63f5, pid=71911, tid=71973
#
# JRE version: OpenJDK Runtime Environment (21.0.11+10) (build 21.0.11+10-1-deb13u2-Debian)
# Java VM: OpenJDK 64-Bit Server VM (21.0.11+10-1-deb13u2-Debian, mixed mode, sharing, tiered, compressed oops, compressed class ptrs, g1 gc, linux-amd64)
# Problematic frame:
# V  [libjvm.so+0xde63f5]  PhaseChaitin::Split(unsigned int, ResourceArea*)+0x3115
#
# Core dump will be written. Default location: Core dumps may be processed with "/usr/lib/systemd/systemd-coredump %P %u %g %s %t %c %h %d %F" (or dumping to /home/denis/worldatlas-spring/core.71911)
#
# If you would like to submit a bug report, please visit:
#   https://bugs.debian.org/openjdk-21
#

---------------  S U M M A R Y ------------

Command Line: target/bot-0.0.1-SNAPSHOT.jar

Host: 11th Gen Intel(R) Core(TM) i7-1165G7 @ 2.80GHz, 8 cores, 15G, Debian GNU/Linux 13 (trixie)
Time: Thu Jul  2 20:33:46 2026 +07 elapsed time: 5.887049 seconds (0d 0h 0m 5s)

---------------  T H R E A D  ---------------

Current thread (0x00007f2ef8471b40):  JavaThread "C2 CompilerThread2" daemon [_thread_in_native, id=71973, stack(0x00007f2f70cc2000,0x00007f2f70dc2000) (1024K)]


Current CompileTask:
C2:5887 6353       4       org.springframework.transaction.annotation.AnnotationTransactionAttributeSource::determineTransactionAttribute (88 bytes)

Stack: [0x00007f2f70cc2000,0x00007f2f70dc2000],  sp=0x00007f2f70dbe070,  free space=1008k
Native frames: (J=compiled Java code, j=interpreted, Vv=VM code, C=native code)
V  [libjvm.so+0xde63f5]  PhaseChaitin::Split(unsigned int, ResourceArea*)+0x3115
V  [libjvm.so+0x5cf92f]  PhaseChaitin::Register_Allocate()+0x6df
V  [libjvm.so+0x67e0ec]  Compile::Code_Gen()+0x30c
V  [libjvm.so+0x682066]  Compile::Compile(ciEnv*, ciMethod*, int, Options, DirectiveSet*)+0x1606
V  [libjvm.so+0x59fc9d]  C2Compiler::compile_method(ciEnv*, ciMethod*, int, bool, DirectiveSet*)+0x19d
V  [libjvm.so+0x687fae]  CompileBroker::invoke_compiler_on_method(CompileTask*)+0xc5e
V  [libjvm.so+0x68b338]  CompileBroker::compiler_thread_loop()+0x6d8
V  [libjvm.so+0x9502e6]  JavaThread::thread_main_inner()+0x1e6
V  [libjvm.so+0xfe4797]  Thread::call_run()+0xa7
V  [libjvm.so+0xd4c185]  thread_native_entry(Thread*)+0xd5

siginfo: si_signo: 11 (SIGSEGV), si_code: 128 (SI_KERNEL), si_addr: 0x0000000000000000

Registers:
RAX=0x0000000000000000, RBX=0x0000000000000015, RCX=0x0000000000000c0a, RDX=0x0000000000000019
RSP=0x00007f2f70dbe070, RBP=0x00007f2f70dbe300, RSI=0x000000000000001b, RDI=0x00007f2ee832bbc0
R8 =0x00007f2ee852b920, R9 =0x04007f2f04cbe5c0, R10=0x00007f2ef80b00a0, R11=0x0000000000000016
R12=0x00007f2f9e620070, R13=0x00007f2f70dbe6d0, R14=0x0000000000000000, R15=0x00007f2f70dbe6d0
RIP=0x00007f2fa3fe63f5, EFLAGS=0x0000000000010246, CSGSFS=0x002b000000000033, ERR=0x0000000000000000
  TRAPNO=0x000000000000000d

XMM[0]=0x00007f2ea0c3ad48 0x00007f2f04720a50
XMM[1]=0x0000000000000000 0x0000000000000000
XMM[2]=0xffffffffffffffff 0xffff000000000000
XMM[3]=0x0001000100010001 0x0001000105555455
XMM[4]=0x0001000100010001 0x0001000100010001
XMM[5]=0x0000000000000000 0x0000000005555455
XMM[6]=0x0000000000000000 0x0000000000000000
XMM[7]=0x0000000000000000 0x0000000000000000
XMM[8]=0x0000000000000000 0x4030ed434dbdb5b0
XMM[9]=0x0000000000000000 0x46293e5939a08cea
XMM[10]=0x0000000000000000 0x4376345785d8a000
XMM[11]=0x00007f2ef80fa940 0x00007f2ef80fa8e0
XMM[12]=0x0000000000000000 0x0000000000000000
XMM[13]=0x0000000000000000 0x0000000000000000
XMM[14]=0x0000000000000000 0x0000000000000000
XMM[15]=0x0000000000000000 0x0000000000000000
  MXCSR=0x00001fa2


Register to memory mapping:

RAX=0x0 is null
RBX=0x0000000000000015 is an unknown value
RCX=0x0000000000000c0a is an unknown value
RDX=0x0000000000000019 is an unknown value
RSP=0x00007f2f70dbe070 is pointing into the stack for thread: 0x00007f2ef8471b40
RBP=0x00007f2f70dbe300 is pointing into the stack for thread: 0x00007f2ef8471b40
RSI=0x000000000000001b is an unknown value
RDI=0x00007f2ee832bbc0 points into unknown readable memory: 0x000000ab0000000c | 0c 00 00 00 ab 00 00 00
R8 =0x00007f2ee852b920 points into unknown readable memory: 0x0000000000000000 | 00 00 00 00 00 00 00 00
R9 =0x04007f2f04cbe5c0 is an unknown value
R10=0x00007f2ef80b00a0 points into unknown readable memory: 0x00007f2f04cbd9a0 | a0 d9 cb 04 2f 7f 00 00
R11=0x0000000000000016 is an unknown value
R12=0x00007f2f9e620070 points into unknown readable memory: 0x00007f2fa4652448 | 48 24 65 a4 2f 7f 00 00
R13=0x00007f2f70dbe6d0 is pointing into the stack for thread: 0x00007f2ef8471b40
R14=0x0 is null
R15=0x00007f2f70dbe6d0 is pointing into the stack for thread: 0x00007f2ef8471b40

Top of Stack: (sp=0x00007f2f70dbe070)
0x00007f2f70dbe070:   00007f2f70dbe1b0 0000000000000000   ...p/...........
0x00007f2f70dbe080:   00000000000003d8 00007f2f04103fc8   .........?../...
0x00007f2f70dbe090:   0000000000000113 00007f2f70dbe210   ...........p/...
0x00007f2f70dbe0a0:   00007f2ee852ba02 00007f2f04103be0   ..R......;../...
0x00007f2f70dbe0b0:   00007f2f04103bf0 00007f2f70dbe360   .;../...`..p/...
0x00007f2f70dbe0c0:   000000000101e1a0 00007f2fa47582c0   ..........u./...
0x00007f2f70dbe0d0:   00007f2fa47582c0 00007f2f0463f4a0   ..u./.....c./...
0x00007f2f70dbe0e0:   000015dd000015dd 00007f2ee852b970   ........p.R.....
0x00007f2f70dbe0f0:   00007f2ea093f900 00007f2f04a70df8   ............/...
0x00007f2f70dbe100:   00007f2e00000001 00007f2f04a70ed0   ............/...
0x00007f2f70dbe110:   00007f2ea0ce8ff0 00007f2f00000015   ............/...
0x00007f2f70dbe120:   000000000000000a 00007f2f0000000a   ............/...
0x00007f2f70dbe130:   00007f2f9e620070 0000000000000000   p.b./...........
0x00007f2f70dbe140:   0000000000012360 000000000000001b   `#..............
0x00007f2f70dbe150:   00007f2f047207b8 00007f2f70dbe360   ..r./...`..p/...
0x00007f2f70dbe160:   00007f2ee852b9f8 00007f2ee852b920   ..R..... .R.....
0x00007f2f70dbe170:   00007f2ee832bbc0 0000000000000002   ..2.............
0x00007f2f70dbe180:   00007f2ea0cee768 0000000000000008   h...............
0x00007f2f70dbe190:   00007f2e00000001 00007f2f04a6e6a0   ............/...
0x00007f2f70dbe1a0:   00007f2f00000016 0000164400000000   ..../.......D...
0x00007f2f70dbe1b0:   0000000000000000 0000000000000000   ................
0x00007f2f70dbe1c0:   0000000000000000 0000000000000000   ................
0x00007f2f70dbe1d0:   00007f2f70dbe360 0000000000000010   `..p/...........
0x00007f2f70dbe1e0:   00007f2ef88840d0 00007f2e00000010   .@..............
0x00007f2f70dbe1f0:   00007f2f70dbe360 00007f2f00000040   `..p/...@.../...
0x00007f2f70dbe200:   00007f2ef8884150 00007f2e0000003d   PA......=.......
0x00007f2f70dbe210:   00007f2f70db0000 0000000000000000   ...p/...........
0x00007f2f70dbe220:   00007f2f70dbe6d0 00007f2f70dbe200   ...p/......p/...
0x00007f2f70dbe230:   0000754a00001522 00007f2fa439d5e3   "...Ju....9./...
0x00007f2f70dbe240:   0000000000000000 0000000000000000   ................
0x00007f2f70dbe250:   0000000000000000 00007f2fa439d5e3   ..........9./...
0x00007f2f70dbe260:   00007f2ef838d500 00007f2ea093f480   ..8.............

Instructions: (pc=0x00007f2fa3fe63f5)
0x00007f2fa3fe62f5:   85 ac fe ff ff 0f 85 9a 09 00 00 4c 89 95 38 fe
0x00007f2fa3fe6305:   ff ff 85 c0 0f 84 59 0f 00 00 48 8b 85 90 fe ff
0x00007f2fa3fe6315:   ff 8b 48 28 48 89 c6 89 8d 90 fe ff ff 44 8d 61
0x00007f2fa3fe6325:   ff 44 3b 60 18 0f 83 2b 4f 4c ff 48 8b 4e 20 44
0x00007f2fa3fe6335:   89 e0 48 89 b5 90 fe ff ff 48 8b 0c c1 48 8b 01
0x00007f2fa3fe6345:   48 89 8d 78 fe ff ff 48 89 cf ff 50 20 48 8b 8d
0x00007f2fa3fe6355:   78 fe ff ff 4c 8b 95 38 fe ff ff 48 39 c1 74 0b
0x00007f2fa3fe6365:   48 8b b5 90 fe ff ff 44 2b 66 48 44 39 a5 40 fe
0x00007f2fa3fe6375:   ff ff 83 95 88 fe ff ff 00 e9 8f df ff ff 49 8d
0x00007f2fa3fe6385:   bd 00 01 00 00 44 89 f6 e8 6e c7 aa ff 41 8b 95
0x00007f2fa3fe6395:   00 01 00 00 e9 37 e2 ff ff 8b b5 48 fe ff ff 4d
0x00007f2fa3fe63a5:   89 fc 31 d2 4d 89 ef 85 f6 74 60 48 8b bd 70 fe
0x00007f2fa3fe63b5:   ff ff 4c 8b 85 68 fe ff ff 66 90 48 63 c2 4d 8b
0x00007f2fa3fe63c5:   4f 68 8b 0c 87 41 8b 44 24 4c 83 e8 01 48 8d 04
0x00007f2fa3fe63d5:   80 48 c1 e0 05 49 03 41 10 41 89 c9 4c 8b 50 08
0x00007f2fa3fe63e5:   41 c1 e9 08 89 c8 c1 e8 06 4f 8b 0c ca 83 e0 03
0x00007f2fa3fe63f5:   49 8b 04 c1 48 0f a3 c8 72 08 49 c7 04 d0 00 00
0x00007f2fa3fe6405:   00 00 48 83 c2 01 48 39 f2 75 b0 49 8b 57 48 48
0x00007f2fa3fe6415:   83 85 90 fd ff ff 01 48 8b 85 90 fd ff ff 3b 42
0x00007f2fa3fe6425:   40 0f 82 f3 d3 ff ff 44 8b 95 e8 fe ff ff 31 db
0x00007f2fa3fe6435:   45 85 d2 74 2e 48 8b 85 e0 fe ff ff 8b 95 ac fe
0x00007f2fa3fe6445:   ff ff 4c 89 ff 48 8b 34 d8 8d 42 01 48 83 c3 01
0x00007f2fa3fe6455:   89 85 ac fe ff ff e8 e0 73 7e ff 3b 9d e8 fe ff
0x00007f2fa3fe6465:   ff 72 d2 8b 85 ac fe ff ff 44 8b 8d 08 ff ff ff
0x00007f2fa3fe6475:   45 31 ed 89 85 90 fe ff ff 89 c2 49 8d 87 e0 00
0x00007f2fa3fe6485:   00 00 48 89 85 60 fe ff ff 45 85 c9 0f 84 88 10
0x00007f2fa3fe6495:   00 00 48 8b 85 00 ff ff ff 49 8b 4f 48 4c 89 ff
0x00007f2fa3fe64a5:   4e 8b 14 e8 48 8b 49 78 41 8b 72 28 4c 89 95 88
0x00007f2fa3fe64b5:   fe ff ff 4c 8b 34 f1 48 89 f0 49 8b 8f 08 01 00
0x00007f2fa3fe64c5:   00 4c 89 d6 48 98 8b 1c 81 48 8b 85 10 fe ff ff
0x00007f2fa3fe64d5:   4c 89 b5 a0 fe ff ff 44 8b 24 98 8d 42 01 89 85
0x00007f2fa3fe64e5:   ac fe ff ff 44 89 a5 30 fe ff ff e8 4b 73 7e ff


Stack slot to memory mapping:

stack at sp + 0 slots: 0x00007f2f70dbe1b0 is pointing into the stack for thread: 0x00007f2ef8471b40
stack at sp + 1 slots: 0x0 is null
stack at sp + 2 slots: 0x00000000000003d8 is an unknown value
stack at sp + 3 slots: 0x00007f2f04103fc8 points into unknown readable memory: 0x00000000000000b5 | b5 00 00 00 00 00 00 00
stack at sp + 4 slots: 0x0000000000000113 is an unknown value
stack at sp + 5 slots: 0x00007f2f70dbe210 is pointing into the stack for thread: 0x00007f2ef8471b40
stack at sp + 6 slots: 0x00007f2ee852ba02 points into unknown readable memory: 01 01 01 01 01 01
stack at sp + 7 slots: 0x00007f2f04103be0 points into unknown readable memory: 0x00007f2ee832bbb0 | b0 bb 32 e8 2e 7f 00 00


---------------  P R O C E S S  ---------------

Threads class SMR info:
_java_thread_list=0x00007f2f9e69d710, length=36, elements={
0x00007f2f9c15e4b0, 0x00007f2f9c15fa30, 0x00007f2f9c1611d0, 0x00007f2f9c162820,
0x00007f2f9c163dd0, 0x00007f2f9c165920, 0x00007f2f9c166ff0, 0x00007f2f9c172ea0,
0x00007f2f9c175da0, 0x00007f2f9c1ee330, 0x00007f2f9d133460, 0x00007f2ec0001910,
0x00007f2f9d153a40, 0x00007f2f9d886460, 0x00007f2f9d889360, 0x00007f2eb0000f60,
0x00007f2ebc003d50, 0x00007f2ea8002610, 0x00007f2ef825bf70, 0x00007f2f9cb35d80,
0x00007f2f9cb37470, 0x00007f2ef8471b40, 0x00007f2f9e683680, 0x00007f2f9e6846e0,
0x00007f2f9e685840, 0x00007f2f9e686a00, 0x00007f2f9e687bd0, 0x00007f2f9e6899d0,
0x00007f2f9e68aeb0, 0x00007f2f9e68c460, 0x00007f2f9e68da10, 0x00007f2f9e68efc0,
0x00007f2f9e691f10, 0x00007f2f9e698940, 0x00007f2f9e69c5a0, 0x00007f2f9c0191b0
}

Java Threads: ( => current thread )
  0x00007f2f9c15e4b0 JavaThread "Reference Handler"          daemon [_thread_blocked, id=71927, stack(0x00007f2fa0252000,0x00007f2fa0352000) (1024K)]
  0x00007f2f9c15fa30 JavaThread "Finalizer"                  daemon [_thread_blocked, id=71928, stack(0x00007f2fa0151000,0x00007f2fa0251000) (1024K)]
  0x00007f2f9c1611d0 JavaThread "Signal Dispatcher"          daemon [_thread_blocked, id=71929, stack(0x00007f2fa0050000,0x00007f2fa0150000) (1024K)]
  0x00007f2f9c162820 JavaThread "Service Thread"             daemon [_thread_blocked, id=71930, stack(0x00007f2f9bf00000,0x00007f2f9c000000) (1024K)]
  0x00007f2f9c163dd0 JavaThread "Monitor Deflation Thread"   daemon [_thread_blocked, id=71931, stack(0x00007f2f80700000,0x00007f2f80800000) (1024K)]
  0x00007f2f9c165920 JavaThread "C2 CompilerThread0"         daemon [_thread_in_native, id=71932, stack(0x00007f2f805ff000,0x00007f2f806ff000) (1024K)]
  0x00007f2f9c166ff0 JavaThread "C1 CompilerThread0"         daemon [_thread_blocked, id=71933, stack(0x00007f2f804fe000,0x00007f2f805fe000) (1024K)]
  0x00007f2f9c172ea0 JavaThread "Notification Thread"        daemon [_thread_blocked, id=71934, stack(0x00007f2f8032c000,0x00007f2f8042c000) (1024K)]
  0x00007f2f9c175da0 JavaThread "Common-Cleaner"             daemon [_thread_blocked, id=71935, stack(0x00007f2f8022b000,0x00007f2f8032b000) (1024K)]
  0x00007f2f9c1ee330 JavaThread "Cleaner-0"                  daemon [_thread_blocked, id=71936, stack(0x00007f2f8012a000,0x00007f2f8022a000) (1024K)]
  0x00007f2f9d133460 JavaThread "Catalina-utility-1"                [_thread_blocked, id=71952, stack(0x00007f2f715f7000,0x00007f2f716f7000) (1024K)]
  0x00007f2ec0001910 JavaThread "Catalina-utility-2"                [_thread_blocked, id=71953, stack(0x00007f2f714f6000,0x00007f2f715f6000) (1024K)]
  0x00007f2f9d153a40 JavaThread "container-0"                       [_thread_blocked, id=71954, stack(0x00007f2f713f5000,0x00007f2f714f5000) (1024K)]
  0x00007f2f9d886460 JavaThread "MVStore background writer /home/denis/worldatlas-spring/bot_db.mv.db" daemon [_thread_blocked, id=71955, stack(0x00007f2f710c6000,0x00007f2f711c6000) (1024K)]
  0x00007f2f9d889360 JavaThread "HikariPool-1:housekeeper"   daemon [_thread_blocked, id=71956, stack(0x00007f2f70fc5000,0x00007f2f710c5000) (1024K)]
  0x00007f2eb0000f60 JavaThread "HikariPool-1:connection-adder" daemon [_thread_blocked, id=71957, stack(0x00007f2f712f4000,0x00007f2f713f4000) (1024K)]
  0x00007f2ebc003d50 JavaThread "H2-serialization"           daemon [_thread_blocked, id=71959, stack(0x00007f2f711f3000,0x00007f2f712f3000) (1024K)]
  0x00007f2ea8002610 JavaThread "H2-save"                    daemon [_thread_blocked, id=71960, stack(0x00007f2f70ec4000,0x00007f2f70fc4000) (1024K)]
  0x00007f2ef825bf70 JavaThread "C2 CompilerThread1"         daemon [_thread_in_native, id=71967, stack(0x00007f2f80029000,0x00007f2f80129000) (1024K)]
  0x00007f2f9cb35d80 JavaThread "WorldAtlasMap_bot Telegram Connection"        [_thread_in_native, id=71968, stack(0x00007f2f71f00000,0x00007f2f72000000) (1024K)]
  0x00007f2f9cb37470 JavaThread "WorldAtlasMap_bot Telegram Executor"        [_thread_blocked, id=71969, stack(0x00007f2f70dc3000,0x00007f2f70ec3000) (1024K)]
=>0x00007f2ef8471b40 JavaThread "C2 CompilerThread2"         daemon [_thread_in_native, id=71973, stack(0x00007f2f70cc2000,0x00007f2f70dc2000) (1024K)]
  0x00007f2f9e683680 JavaThread "http-nio-8080-exec-1"       daemon [_thread_blocked, id=71974, stack(0x00007f2f70bc1000,0x00007f2f70cc1000) (1024K)]
  0x00007f2f9e6846e0 JavaThread "http-nio-8080-exec-2"       daemon [_thread_blocked, id=71975, stack(0x00007f2f70ac0000,0x00007f2f70bc0000) (1024K)]
  0x00007f2f9e685840 JavaThread "http-nio-8080-exec-3"       daemon [_thread_blocked, id=71976, stack(0x00007f2f709bf000,0x00007f2f70abf000) (1024K)]
  0x00007f2f9e686a00 JavaThread "http-nio-8080-exec-4"       daemon [_thread_blocked, id=71977, stack(0x00007f2f708be000,0x00007f2f709be000) (1024K)]
  0x00007f2f9e687bd0 JavaThread "http-nio-8080-exec-5"       daemon [_thread_blocked, id=71978, stack(0x00007f2f707bd000,0x00007f2f708bd000) (1024K)]
  0x00007f2f9e6899d0 JavaThread "http-nio-8080-exec-6"       daemon [_thread_blocked, id=71979, stack(0x00007f2f706bc000,0x00007f2f707bc000) (1024K)]
  0x00007f2f9e68aeb0 JavaThread "http-nio-8080-exec-7"       daemon [_thread_blocked, id=71980, stack(0x00007f2f705bb000,0x00007f2f706bb000) (1024K)]
  0x00007f2f9e68c460 JavaThread "http-nio-8080-exec-8"       daemon [_thread_blocked, id=71981, stack(0x00007f2f704ba000,0x00007f2f705ba000) (1024K)]
  0x00007f2f9e68da10 JavaThread "http-nio-8080-exec-9"       daemon [_thread_blocked, id=71982, stack(0x00007f2f703b9000,0x00007f2f704b9000) (1024K)]
  0x00007f2f9e68efc0 JavaThread "http-nio-8080-exec-10"      daemon [_thread_blocked, id=71983, stack(0x00007f2f702b8000,0x00007f2f703b8000) (1024K)]
  0x00007f2f9e691f10 JavaThread "http-nio-8080-Poller"       daemon [_thread_in_native, id=71984, stack(0x00007f2f701b7000,0x00007f2f702b7000) (1024K)]
  0x00007f2f9e698940 JavaThread "http-nio-8080-Acceptor"     daemon [_thread_in_native, id=71985, stack(0x00007f2f700b6000,0x00007f2f701b6000) (1024K)]
  0x00007f2f9e69c5a0 JavaThread "scheduling-1"                      [_thread_blocked, id=71986, stack(0x00007f2f1ef00000,0x00007f2f1f000000) (1024K)]
  0x00007f2f9c0191b0 JavaThread "DestroyJavaVM"                     [_thread_blocked, id=71919, stack(0x00007f2fa2d00000,0x00007f2fa2e00000) (1024K)]
Total: 36

Other Threads:
  0x00007f2f9c1513a0 VMThread "VM Thread"                           [id=71926, stack(0x00007f2fa03ad000,0x00007f2fa04ad000) (1024K)]
  0x00007f2f9c13f800 WatcherThread "VM Periodic Task Thread"        [id=71925, stack(0x00007f2fa04ae000,0x00007f2fa05ae000) (1024K)]
  0x00007f2f9c0807a0 WorkerThread "GC Thread#0"                     [id=71920, stack(0x00007f2fa12d8000,0x00007f2fa13d8000) (1024K)]
  0x00007f2f18007850 WorkerThread "GC Thread#1"                     [id=71939, stack(0x00007f2f71dff000,0x00007f2f71eff000) (1024K)]
  0x00007f2f18008390 WorkerThread "GC Thread#2"                     [id=71940, stack(0x00007f2f71cfe000,0x00007f2f71dfe000) (1024K)]
  0x00007f2f18008ed0 WorkerThread "GC Thread#3"                     [id=71941, stack(0x00007f2f71bfd000,0x00007f2f71cfd000) (1024K)]
  0x00007f2f18009a10 WorkerThread "GC Thread#4"                     [id=71942, stack(0x00007f2f71afc000,0x00007f2f71bfc000) (1024K)]
  0x00007f2f180107e0 WorkerThread "GC Thread#5"                     [id=71947, stack(0x00007f2f719fb000,0x00007f2f71afb000) (1024K)]
  0x00007f2f18010d60 WorkerThread "GC Thread#6"                     [id=71948, stack(0x00007f2f718fa000,0x00007f2f719fa000) (1024K)]
  0x00007f2f18016230 WorkerThread "GC Thread#7"                     [id=71949, stack(0x00007f2f717f9000,0x00007f2f718f9000) (1024K)]
  0x00007f2f9c091260 ConcurrentGCThread "G1 Main Marker"            [id=71921, stack(0x00007f2fa11d7000,0x00007f2fa12d7000) (1024K)]
  0x00007f2f9c092210 WorkerThread "G1 Conc#0"                       [id=71922, stack(0x00007f2fa10d6000,0x00007f2fa11d6000) (1024K)]
  0x00007f2f74000ce0 WorkerThread "G1 Conc#1"                       [id=71950, stack(0x00007f2f716f8000,0x00007f2f717f8000) (1024K)]
  0x00007f2f9c124700 ConcurrentGCThread "G1 Refine#0"               [id=71923, stack(0x00007f2fa07cd000,0x00007f2fa08cd000) (1024K)]
  0x00007f2f9c1256d0 ConcurrentGCThread "G1 Service"                [id=71924, stack(0x00007f2fa06cc000,0x00007f2fa07cc000) (1024K)]
Total: 15

Threads with active compile tasks:
C2 CompilerThread0  5889 6336   !   4       org.springframework.util.ReflectionUtils::doWithMethods (189 bytes)
C2 CompilerThread1  5889 6452       4       org.springframework.beans.factory.support.AbstractBeanFactory::isTypeMatch (745 bytes)
C2 CompilerThread2  5889 6353       4       org.springframework.transaction.annotation.AnnotationTransactionAttributeSource::determineTransactionAttribute (88 bytes)
Total: 3

VM state: not at safepoint (normal execution)

VM Mutex/Monitor currently owned by a thread: None

Heap address: 0x000000070b600000, size: 3914 MB, Compressed Oops mode: Zero based, Oop shift amount: 3

CDS archive(s) mapped at: [0x00007f2f23000000-0x00007f2f23c9c000-0x00007f2f23c9c000), size 13221888, SharedBaseAddress: 0x00007f2f23000000, ArchiveRelocationMode: 1.
Compressed class space mapped at: 0x00007f2f24000000-0x00007f2f64000000, reserved size: 1073741824
Narrow klass base: 0x00007f2f23000000, Narrow klass shift: 0, Narrow klass range: 0x100000000

GC Precious Log:
 CardTable entry size: 512
 Card Set container configuration: InlinePtr #cards 4 size 8 Array Of Cards #cards 16 size 48 Howl #buckets 8 coarsen threshold 3686 Howl Bitmap #cards 512 size 80 coarsen threshold 460 Card regions per heap region 1 cards per card region 4096
 CPUs: 8 total, 8 available
 Memory: 15655M
 Large Page Support: Disabled
 NUMA Support: Disabled
 Compressed Oops: Enabled (Zero based)
 Heap Region Size: 2M
 Heap Min Capacity: 8M
 Heap Initial Capacity: 246M
 Heap Max Capacity: 3914M
 Pre-touch: Disabled
 Parallel Workers: 8
 Concurrent Workers: 2
 Concurrent Refinement Workers: 8
 Periodic GC: Disabled

Heap:
 garbage-first heap   total 98304K, used 73464K [0x000000070b600000, 0x0000000800000000)
  region size 2048K, 25 young (51200K), 3 survivors (6144K)
 Metaspace       used 80580K, committed 81280K, reserved 1179648K
  class space    used 10955K, committed 11264K, reserved 1048576K

Heap Regions: E=young(eden), S=young(survivor), O=old, HS=humongous(starts), HC=humongous(continues), CS=collection set, F=free, TAMS=top-at-mark-start, PB=parsable bottom
|   0|0x000000070b600000, 0x000000070b800000, 0x000000070b800000|100%| O|  |TAMS 0x000000070b600000| PB 0x000000070b600000| Untracked 
|   1|0x000000070b800000, 0x000000070ba00000, 0x000000070ba00000|100%| O|  |TAMS 0x000000070b800000| PB 0x000000070b800000| Untracked 
|   2|0x000000070ba00000, 0x000000070bc00000, 0x000000070bc00000|100%| O|  |TAMS 0x000000070ba00000| PB 0x000000070ba00000| Untracked 
|   3|0x000000070bc00000, 0x000000070be00000, 0x000000070be00000|100%| O|  |TAMS 0x000000070bc00000| PB 0x000000070bc00000| Untracked 
|   4|0x000000070be00000, 0x000000070c000000, 0x000000070c000000|100%| O|  |TAMS 0x000000070be00000| PB 0x000000070be00000| Untracked 
|   5|0x000000070c000000, 0x000000070c07a6a0, 0x000000070c200000| 23%| O|  |TAMS 0x000000070c000000| PB 0x000000070c000000| Untracked 
|   6|0x000000070c200000, 0x000000070c400000, 0x000000070c400000|100%| O|  |TAMS 0x000000070c200000| PB 0x000000070c200000| Untracked 
|   7|0x000000070c400000, 0x000000070c600000, 0x000000070c600000|100%| O|  |TAMS 0x000000070c400000| PB 0x000000070c400000| Untracked 
|   8|0x000000070c600000, 0x000000070c800000, 0x000000070c800000|100%|HS|  |TAMS 0x000000070c600000| PB 0x000000070c600000| Complete 
|   9|0x000000070c800000, 0x000000070ca00000, 0x000000070ca00000|100%| O|  |TAMS 0x000000070c800000| PB 0x000000070c800000| Untracked 
|  10|0x000000070ca00000, 0x000000070cc00000, 0x000000070cc00000|100%| O|  |TAMS 0x000000070ca00000| PB 0x000000070ca00000| Untracked 
|  11|0x000000070cc00000, 0x000000070ce00000, 0x000000070ce00000|100%| O|  |TAMS 0x000000070cc00000| PB 0x000000070cc00000| Untracked 
|  12|0x000000070ce00000, 0x000000070d000000, 0x000000070d000000|100%| O|  |TAMS 0x000000070ce00000| PB 0x000000070ce00000| Untracked 
|  13|0x000000070d000000, 0x000000070d143c98, 0x000000070d200000| 63%| S|CS|TAMS 0x000000070d000000| PB 0x000000070d000000| Complete 
|  14|0x000000070d200000, 0x000000070d400000, 0x000000070d400000|100%| S|CS|TAMS 0x000000070d200000| PB 0x000000070d200000| Complete 
|  15|0x000000070d400000, 0x000000070d600000, 0x000000070d600000|100%| S|CS|TAMS 0x000000070d400000| PB 0x000000070d400000| Complete 
|  16|0x000000070d600000, 0x000000070d600000, 0x000000070d800000|  0%| F|  |TAMS 0x000000070d600000| PB 0x000000070d600000| Untracked 
|  17|0x000000070d800000, 0x000000070d800000, 0x000000070da00000|  0%| F|  |TAMS 0x000000070d800000| PB 0x000000070d800000| Untracked 
|  18|0x000000070da00000, 0x000000070da00000, 0x000000070dc00000|  0%| F|  |TAMS 0x000000070da00000| PB 0x000000070da00000| Untracked 
|  19|0x000000070dc00000, 0x000000070dc00000, 0x000000070de00000|  0%| F|  |TAMS 0x000000070dc00000| PB 0x000000070dc00000| Untracked 
|  20|0x000000070de00000, 0x000000070de00000, 0x000000070e000000|  0%| F|  |TAMS 0x000000070de00000| PB 0x000000070de00000| Untracked 
|  21|0x000000070e000000, 0x000000070e000000, 0x000000070e200000|  0%| F|  |TAMS 0x000000070e000000| PB 0x000000070e000000| Untracked 
|  22|0x000000070e200000, 0x000000070e200000, 0x000000070e400000|  0%| F|  |TAMS 0x000000070e200000| PB 0x000000070e200000| Untracked 
|  23|0x000000070e400000, 0x000000070e400000, 0x000000070e600000|  0%| F|  |TAMS 0x000000070e400000| PB 0x000000070e400000| Untracked 
|  24|0x000000070e600000, 0x000000070e600000, 0x000000070e800000|  0%| F|  |TAMS 0x000000070e600000| PB 0x000000070e600000| Untracked 
|  25|0x000000070e800000, 0x000000070e800000, 0x000000070ea00000|  0%| F|  |TAMS 0x000000070e800000| PB 0x000000070e800000| Untracked 
|  26|0x000000070ea00000, 0x000000070ec00000, 0x000000070ec00000|100%| E|  |TAMS 0x000000070ea00000| PB 0x000000070ea00000| Complete 
|  27|0x000000070ec00000, 0x000000070ee00000, 0x000000070ee00000|100%| E|CS|TAMS 0x000000070ec00000| PB 0x000000070ec00000| Complete 
|  28|0x000000070ee00000, 0x000000070f000000, 0x000000070f000000|100%| E|CS|TAMS 0x000000070ee00000| PB 0x000000070ee00000| Complete 
|  29|0x000000070f000000, 0x000000070f200000, 0x000000070f200000|100%| E|CS|TAMS 0x000000070f000000| PB 0x000000070f000000| Complete 
|  30|0x000000070f200000, 0x000000070f400000, 0x000000070f400000|100%| E|CS|TAMS 0x000000070f200000| PB 0x000000070f200000| Complete 
|  31|0x000000070f400000, 0x000000070f600000, 0x000000070f600000|100%| E|CS|TAMS 0x000000070f400000| PB 0x000000070f400000| Complete 
|  32|0x000000070f600000, 0x000000070f800000, 0x000000070f800000|100%| E|CS|TAMS 0x000000070f600000| PB 0x000000070f600000| Complete 
|  33|0x000000070f800000, 0x000000070fa00000, 0x000000070fa00000|100%| E|CS|TAMS 0x000000070f800000| PB 0x000000070f800000| Complete 
|  34|0x000000070fa00000, 0x000000070fc00000, 0x000000070fc00000|100%| E|CS|TAMS 0x000000070fa00000| PB 0x000000070fa00000| Complete 
|  35|0x000000070fc00000, 0x000000070fe00000, 0x000000070fe00000|100%| E|CS|TAMS 0x000000070fc00000| PB 0x000000070fc00000| Complete 
|  36|0x000000070fe00000, 0x0000000710000000, 0x0000000710000000|100%| E|CS|TAMS 0x000000070fe00000| PB 0x000000070fe00000| Complete 
|  37|0x0000000710000000, 0x0000000710200000, 0x0000000710200000|100%| E|CS|TAMS 0x0000000710000000| PB 0x0000000710000000| Complete 
|  38|0x0000000710200000, 0x0000000710400000, 0x0000000710400000|100%| E|CS|TAMS 0x0000000710200000| PB 0x0000000710200000| Complete 
|  39|0x0000000710400000, 0x0000000710600000, 0x0000000710600000|100%| E|CS|TAMS 0x0000000710400000| PB 0x0000000710400000| Complete 
|  40|0x0000000710600000, 0x0000000710800000, 0x0000000710800000|100%| E|CS|TAMS 0x0000000710600000| PB 0x0000000710600000| Complete 
|  41|0x0000000710800000, 0x0000000710a00000, 0x0000000710a00000|100%| E|CS|TAMS 0x0000000710800000| PB 0x0000000710800000| Complete 
|  42|0x0000000710a00000, 0x0000000710c00000, 0x0000000710c00000|100%| E|CS|TAMS 0x0000000710a00000| PB 0x0000000710a00000| Complete 
|  43|0x0000000710c00000, 0x0000000710e00000, 0x0000000710e00000|100%| E|CS|TAMS 0x0000000710c00000| PB 0x0000000710c00000| Complete 
|  44|0x0000000710e00000, 0x0000000711000000, 0x0000000711000000|100%| E|CS|TAMS 0x0000000710e00000| PB 0x0000000710e00000| Complete 
|  45|0x0000000711000000, 0x0000000711200000, 0x0000000711200000|100%| E|CS|TAMS 0x0000000711000000| PB 0x0000000711000000| Complete 
|  46|0x0000000711200000, 0x0000000711400000, 0x0000000711400000|100%| E|CS|TAMS 0x0000000711200000| PB 0x0000000711200000| Complete 
|1956|0x00000007ffe00000, 0x0000000800000000, 0x0000000800000000|100%| E|CS|TAMS 0x00000007ffe00000| PB 0x00000007ffe00000| Complete 

Card table byte_map: [0x00007f2fa13d8000,0x00007f2fa1b7d000] _byte_map_base: 0x00007f2f9db7d000

Marking Bits: (CMBitMap*) 0x00007f2f9c0812e0
 Bits: [0x00007f2f80ad8000, 0x00007f2f84800000)

Polling page: 0x00007f2fa4a34000

Metaspace:

Usage:
  Non-class:     67.99 MB used.
      Class:     10.70 MB used.
       Both:     78.69 MB used.

Virtual space:
  Non-class space:      128.00 MB reserved,      68.38 MB ( 53%) committed,  2 nodes.
      Class space:        1.00 GB reserved,      11.00 MB (  1%) committed,  1 nodes.
             Both:        1.12 GB reserved,      79.38 MB (  7%) committed. 

Chunk freelists:
   Non-Class:  10.78 MB
       Class:  5.02 MB
        Both:  15.80 MB

MaxMetaspaceSize: unlimited
CompressedClassSpaceSize: 1.00 GB
Initial GC threshold: 21.00 MB
Current GC threshold: 98.75 MB
CDS: on
 - commit_granule_bytes: 65536.
 - commit_granule_words: 8192.
 - virtual_space_node_default_size: 8388608.
 - enlarge_chunks_in_place: 1.
 - use_allocation_guard: 0.


Internal statistics:

num_allocs_failed_limit: 9.
num_arena_births: 1044.
num_arena_deaths: 0.
num_vsnodes_births: 3.
num_vsnodes_deaths: 0.
num_space_committed: 1270.
num_space_uncommitted: 0.
num_chunks_returned_to_freelist: 9.
num_chunks_taken_from_freelist: 3823.
num_chunk_merges: 9.
num_chunk_splits: 2805.
num_chunks_enlarged: 2224.
num_inconsistent_stats: 0.

CodeHeap 'non-profiled nmethods': size=120028Kb used=4686Kb max_used=4686Kb free=115341Kb
 bounds [0x00007f2f8c2c9000, 0x00007f2f8c769000, 0x00007f2f93800000]
CodeHeap 'profiled nmethods': size=120028Kb used=10670Kb max_used=10670Kb free=109358Kb
 bounds [0x00007f2f84800000, 0x00007f2f85270000, 0x00007f2f8bd37000]
CodeHeap 'non-nmethods': size=5704Kb used=1921Kb max_used=1987Kb free=3782Kb
 bounds [0x00007f2f8bd37000, 0x00007f2f8bfa7000, 0x00007f2f8c2c9000]
CodeCache: size=245760Kb, used=17277Kb, max_used=17343Kb, free=228481Kb
 total_blobs=6395, nmethods=5627, adapters=673, full_count=0
Compilation: enabled, stopped_count=0, restarted_count=0

Compilation events (20 events):
Event: 5.804 Thread 0x00007f2f9c166ff0 6449       3       java.util.TreeMap::forEach (58 bytes)
Event: 5.805 Thread 0x00007f2f9c166ff0 nmethod 6449 0x00007f2f85262790 code [0x00007f2f852629a0, 0x00007f2f85263020]
Event: 5.805 Thread 0x00007f2f9c166ff0 6450       3       org.springframework.boot.autoconfigure.condition.ConditionEvaluationReport$$Lambda/0x00007f2f24af8468::accept (16 bytes)
Event: 5.806 Thread 0x00007f2f9c166ff0 nmethod 6450 0x00007f2f85263310 code [0x00007f2f852636a0, 0x00007f2f85264ce0]
Event: 5.806 Thread 0x00007f2f9c166ff0 6451       3       org.springframework.boot.autoconfigure.condition.ConditionEvaluationReport::lambda$getConditionAndOutcomesBySource$1 (13 bytes)
Event: 5.807 Thread 0x00007f2f9c166ff0 nmethod 6451 0x00007f2f85265510 code [0x00007f2f85265880, 0x00007f2f85266c48]
Event: 5.810 Thread 0x00007f2f9c166ff0 6453       3       org.springframework.core.annotation.AnnotationAwareOrderComparator::findOrderFromAnnotation (69 bytes)
Event: 5.810 Thread 0x00007f2f9c166ff0 nmethod 6453 0x00007f2f85267390 code [0x00007f2f852675c0, 0x00007f2f85267ec8]
Event: 5.810 Thread 0x00007f2f9c166ff0 6454       3       org.springframework.core.annotation.AnnotationAwareOrderComparator::findOrder (18 bytes)
Event: 5.810 Thread 0x00007f2f9c166ff0 nmethod 6454 0x00007f2f85268110 code [0x00007f2f85268300, 0x00007f2f85268878]
Event: 5.814 Thread 0x00007f2f9c166ff0 6455       3       java.time.temporal.ChronoField::checkValidValue (10 bytes)
Event: 5.814 Thread 0x00007f2f9c166ff0 nmethod 6455 0x00007f2f85268a10 code [0x00007f2f85268bc0, 0x00007f2f85268d20]
Event: 5.814 Thread 0x00007f2f9c166ff0 6456       3       java.time.temporal.ValueRange::checkValidValue (24 bytes)
Event: 5.814 Thread 0x00007f2f9c166ff0 nmethod 6456 0x00007f2f85268e10 code [0x00007f2f85268fe0, 0x00007f2f85269360]
Event: 5.815 Thread 0x00007f2f9c166ff0 6457       3       org.springframework.core.ResolvableType$WildcardBounds::get (173 bytes)
Event: 5.815 Thread 0x00007f2f9c166ff0 nmethod 6457 0x00007f2f85269490 code [0x00007f2f85269780, 0x00007f2f8526abf0]
Event: 5.816 Thread 0x00007f2f9c166ff0 6458       3       sun.reflect.generics.parser.SignatureParser::parseClassSignature (37 bytes)
Event: 5.817 Thread 0x00007f2f9c166ff0 nmethod 6458 0x00007f2f8526b110 code [0x00007f2f8526b300, 0x00007f2f8526b670]
Event: 5.859 Thread 0x00007f2ef825bf70 nmethod 6330 0x00007f2f8c754110 code [0x00007f2f8c754800, 0x00007f2f8c75a378]
Event: 5.859 Thread 0x00007f2ef825bf70 6452       4       org.springframework.beans.factory.support.AbstractBeanFactory::isTypeMatch (745 bytes)

GC Heap History (20 events):
Event: 1.912 GC heap before
{Heap before GC invocations=8 (full 0):
 garbage-first heap   total 53248K, used 39366K [0x000000070b600000, 0x0000000800000000)
  region size 2048K, 15 young (30720K), 2 survivors (4096K)
 Metaspace       used 29271K, committed 29760K, reserved 1114112K
  class space    used 3709K, committed 3904K, reserved 1048576K
}
Event: 1.916 GC heap after
{Heap after GC invocations=9 (full 0):
 garbage-first heap   total 153600K, used 14575K [0x000000070b600000, 0x0000000800000000)
  region size 2048K, 2 young (4096K), 2 survivors (4096K)
 Metaspace       used 29271K, committed 29760K, reserved 1114112K
  class space    used 3709K, committed 3904K, reserved 1048576K
}
Event: 2.321 GC heap before
{Heap before GC invocations=9 (full 0):
 garbage-first heap   total 153600K, used 84207K [0x000000070b600000, 0x0000000800000000)
  region size 2048K, 37 young (75776K), 2 survivors (4096K)
 Metaspace       used 35466K, committed 35968K, reserved 1114112K
  class space    used 4611K, committed 4864K, reserved 1048576K
}
Event: 2.325 GC heap after
{Heap after GC invocations=10 (full 0):
 garbage-first heap   total 153600K, used 16526K [0x000000070b600000, 0x0000000800000000)
  region size 2048K, 3 young (6144K), 3 survivors (6144K)
 Metaspace       used 35466K, committed 35968K, reserved 1114112K
  class space    used 4611K, committed 4864K, reserved 1048576K
}
Event: 2.466 GC heap before
{Heap before GC invocations=11 (full 0):
 garbage-first heap   total 61440K, used 47246K [0x000000070b600000, 0x0000000800000000)
  region size 2048K, 18 young (36864K), 3 survivors (6144K)
 Metaspace       used 38196K, committed 38784K, reserved 1114112K
  class space    used 5071K, committed 5312K, reserved 1048576K
}
Event: 2.469 GC heap after
{Heap after GC invocations=12 (full 0):
 garbage-first heap   total 61440K, used 17099K [0x000000070b600000, 0x0000000800000000)
  region size 2048K, 2 young (4096K), 2 survivors (4096K)
 Metaspace       used 38196K, committed 38784K, reserved 1114112K
  class space    used 5071K, committed 5312K, reserved 1048576K
}
Event: 2.612 GC heap before
{Heap before GC invocations=12 (full 0):
 garbage-first heap   total 61440K, used 47819K [0x000000070b600000, 0x0000000800000000)
  region size 2048K, 18 young (36864K), 2 survivors (4096K)
 Metaspace       used 42155K, committed 42752K, reserved 1114112K
  class space    used 5524K, committed 5760K, reserved 1048576K
}
Event: 2.614 GC heap after
{Heap after GC invocations=13 (full 0):
 garbage-first heap   total 61440K, used 17976K [0x000000070b600000, 0x0000000800000000)
  region size 2048K, 2 young (4096K), 2 survivors (4096K)
 Metaspace       used 42155K, committed 42752K, reserved 1114112K
  class space    used 5524K, committed 5760K, reserved 1048576K
}
Event: 2.774 GC heap before
{Heap before GC invocations=13 (full 0):
 garbage-first heap   total 61440K, used 50744K [0x000000070b600000, 0x0000000800000000)
  region size 2048K, 18 young (36864K), 2 survivors (4096K)
 Metaspace       used 45917K, committed 46464K, reserved 1114112K
  class space    used 6035K, committed 6272K, reserved 1048576K
}
Event: 2.776 GC heap after
{Heap after GC invocations=14 (full 0):
 garbage-first heap   total 61440K, used 18875K [0x000000070b600000, 0x0000000800000000)
  region size 2048K, 2 young (4096K), 2 survivors (4096K)
 Metaspace       used 45917K, committed 46464K, reserved 1114112K
  class space    used 6035K, committed 6272K, reserved 1048576K
}
Event: 2.943 GC heap before
{Heap before GC invocations=14 (full 0):
 garbage-first heap   total 61440K, used 51643K [0x000000070b600000, 0x0000000800000000)
  region size 2048K, 18 young (36864K), 2 survivors (4096K)
 Metaspace       used 48996K, committed 49600K, reserved 1114112K
  class space    used 6392K, committed 6656K, reserved 1048576K
}
Event: 2.945 GC heap after
{Heap after GC invocations=15 (full 0):
 garbage-first heap   total 157696K, used 19464K [0x000000070b600000, 0x0000000800000000)
  region size 2048K, 2 young (4096K), 2 survivors (4096K)
 Metaspace       used 48996K, committed 49600K, reserved 1114112K
  class space    used 6392K, committed 6656K, reserved 1048576K
}
Event: 3.375 GC heap before
{Heap before GC invocations=15 (full 0):
 garbage-first heap   total 157696K, used 107528K [0x000000070b600000, 0x0000000800000000)
  region size 2048K, 45 young (92160K), 2 survivors (4096K)
 Metaspace       used 59743K, committed 60416K, reserved 1114112K
  class space    used 8054K, committed 8384K, reserved 1048576K
}
Event: 3.381 GC heap after
{Heap after GC invocations=16 (full 0):
 garbage-first heap   total 157696K, used 23717K [0x000000070b600000, 0x0000000800000000)
  region size 2048K, 3 young (6144K), 3 survivors (6144K)
 Metaspace       used 59743K, committed 60416K, reserved 1114112K
  class space    used 8054K, committed 8384K, reserved 1048576K
}
Event: 3.760 GC heap before
{Heap before GC invocations=17 (full 0):
 garbage-first heap   total 81920K, used 66725K [0x000000070b600000, 0x0000000800000000)
  region size 2048K, 24 young (49152K), 3 survivors (6144K)
 Metaspace       used 63782K, committed 64512K, reserved 1114112K
  class space    used 8623K, committed 8960K, reserved 1048576K
}
Event: 3.763 GC heap after
{Heap after GC invocations=18 (full 0):
 garbage-first heap   total 81920K, used 25773K [0x000000070b600000, 0x0000000800000000)
  region size 2048K, 3 young (6144K), 3 survivors (6144K)
 Metaspace       used 63782K, committed 64512K, reserved 1114112K
  class space    used 8623K, committed 8960K, reserved 1048576K
}
Event: 3.989 GC heap before
{Heap before GC invocations=18 (full 0):
 garbage-first heap   total 81920K, used 68781K [0x000000070b600000, 0x0000000800000000)
  region size 2048K, 24 young (49152K), 3 survivors (6144K)
 Metaspace       used 68496K, committed 69120K, reserved 1114112K
  class space    used 9440K, committed 9728K, reserved 1048576K
}
Event: 3.992 GC heap after
{Heap after GC invocations=19 (full 0):
 garbage-first heap   total 81920K, used 26831K [0x000000070b600000, 0x0000000800000000)
  region size 2048K, 2 young (4096K), 2 survivors (4096K)
 Metaspace       used 68496K, committed 69120K, reserved 1114112K
  class space    used 9440K, committed 9728K, reserved 1048576K
}
Event: 5.403 GC heap before
{Heap before GC invocations=19 (full 0):
 garbage-first heap   total 81920K, used 71887K [0x000000070b600000, 0x0000000800000000)
  region size 2048K, 24 young (49152K), 2 survivors (4096K)
 Metaspace       used 77054K, committed 77760K, reserved 1179648K
  class space    used 10452K, committed 10752K, reserved 1048576K
}
Event: 5.406 GC heap after
{Heap after GC invocations=20 (full 0):
 garbage-first heap   total 98304K, used 30456K [0x000000070b600000, 0x0000000800000000)
  region size 2048K, 3 young (6144K), 3 survivors (6144K)
 Metaspace       used 77054K, committed 77760K, reserved 1179648K
  class space    used 10452K, committed 10752K, reserved 1048576K
}

Dll operation events (10 events):
Event: 0.001 Loaded shared library /usr/lib/jvm/java-21-openjdk-amd64/lib/libjava.so
Event: 0.016 Loaded shared library /usr/lib/jvm/java-21-openjdk-amd64/lib/libjsvml.so
Event: 0.018 Loaded shared library /usr/lib/jvm/java-21-openjdk-amd64/lib/libnio.so
Event: 0.019 Loaded shared library /usr/lib/jvm/java-21-openjdk-amd64/lib/libzip.so
Event: 0.044 Loaded shared library /usr/lib/jvm/java-21-openjdk-amd64/lib/libjimage.so
Event: 0.075 Loaded shared library /usr/lib/jvm/java-21-openjdk-amd64/lib/libnet.so
Event: 0.212 Loaded shared library /usr/lib/jvm/java-21-openjdk-amd64/lib/libverify.so
Event: 4.399 Loaded shared library /usr/lib/jvm/java-21-openjdk-amd64/lib/libextnet.so
Event: 5.811 Loaded shared library /usr/lib/jvm/java-21-openjdk-amd64/lib/libmanagement.so
Event: 5.811 Loaded shared library /usr/lib/jvm/java-21-openjdk-amd64/lib/libmanagement_ext.so

Deoptimization events (20 events):
Event: 5.657 Thread 0x00007f2f9c0191b0 Uncommon trap: trap_request=0xffffff45 fr.pc=0x00007f2f8c534de4 relative=0x0000000000000844
Event: 5.657 Thread 0x00007f2f9c0191b0 Uncommon trap: reason=unstable_if action=reinterpret pc=0x00007f2f8c534de4 method=org.springframework.beans.factory.support.DefaultSingletonBeanRegistry.getSingleton(Ljava/lang/String;Z)Ljava/lang/Object; @ 39 c2
Event: 5.657 Thread 0x00007f2f9c0191b0 DEOPT PACKING pc=0x00007f2f8c534de4 sp=0x00007f2fa2dfc660
Event: 5.657 Thread 0x00007f2f9c0191b0 DEOPT UNPACKING pc=0x00007f2f8bd8e619 sp=0x00007f2fa2dfc620 mode 2
Event: 5.710 Thread 0x00007f2f9c0191b0 Uncommon trap: trap_request=0xfffffff4 fr.pc=0x00007f2f8c4cb350 relative=0x00000000000000b0
Event: 5.710 Thread 0x00007f2f9c0191b0 Uncommon trap: reason=null_check action=make_not_entrant pc=0x00007f2f8c4cb350 method=org.springframework.util.ClassUtils.isAssignable(Ljava/lang/Class;Ljava/lang/Class;)Z @ 14 c2
Event: 5.710 Thread 0x00007f2f9c0191b0 DEOPT PACKING pc=0x00007f2f8c4cb350 sp=0x00007f2fa2dfd580
Event: 5.710 Thread 0x00007f2f9c0191b0 DEOPT UNPACKING pc=0x00007f2f8bd8e619 sp=0x00007f2fa2dfd530 mode 2
Event: 5.781 Thread 0x00007f2f9c0191b0 Uncommon trap: trap_request=0xffffff45 fr.pc=0x00007f2f8c63b230 relative=0x00000000000043f0
Event: 5.781 Thread 0x00007f2f9c0191b0 Uncommon trap: reason=unstable_if action=reinterpret pc=0x00007f2f8c63b230 method=org.springframework.core.annotation.AnnotationsScanner.processClassInheritedAnnotations(Ljava/lang/Object;Ljava/lang/Class;Lorg/springframework/core/annotation/AnnotationsPr
Event: 5.781 Thread 0x00007f2f9c0191b0 DEOPT PACKING pc=0x00007f2f8c63b230 sp=0x00007f2fa2dfdc90
Event: 5.781 Thread 0x00007f2f9c0191b0 DEOPT UNPACKING pc=0x00007f2f8bd8e619 sp=0x00007f2fa2dfdb30 mode 2
Event: 5.781 Thread 0x00007f2f9c0191b0 Uncommon trap: trap_request=0xffffff45 fr.pc=0x00007f2f8c54b310 relative=0x00000000000016b0
Event: 5.781 Thread 0x00007f2f9c0191b0 Uncommon trap: reason=unstable_if action=reinterpret pc=0x00007f2f8c54b310 method=org.springframework.core.annotation.AnnotationsScanner.processClassInheritedAnnotations(Ljava/lang/Object;Ljava/lang/Class;Lorg/springframework/core/annotation/AnnotationsPr
Event: 5.781 Thread 0x00007f2f9c0191b0 DEOPT PACKING pc=0x00007f2f8c54b310 sp=0x00007f2fa2dfdc20
Event: 5.781 Thread 0x00007f2f9c0191b0 DEOPT UNPACKING pc=0x00007f2f8bd8e619 sp=0x00007f2fa2dfdb20 mode 2
Event: 5.786 Thread 0x00007f2f9c0191b0 Uncommon trap: trap_request=0xffffff45 fr.pc=0x00007f2f8c3a4b8c relative=0x000000000000006c
Event: 5.786 Thread 0x00007f2f9c0191b0 Uncommon trap: reason=unstable_if action=reinterpret pc=0x00007f2f8c3a4b8c method=org.springframework.util.ConcurrentReferenceHashMap$Segment.clear()V @ 7 c2
Event: 5.786 Thread 0x00007f2f9c0191b0 DEOPT PACKING pc=0x00007f2f8c3a4b8c sp=0x00007f2fa2dfe050
Event: 5.786 Thread 0x00007f2f9c0191b0 DEOPT UNPACKING pc=0x00007f2f8bd8e619 sp=0x00007f2fa2dfe000 mode 2

Classes loaded (20 events):
Event: 5.813 Loading class sun/management/ManagementFactoryHelper$LoggingMXBeanAccess
Event: 5.813 Loading class sun/management/ManagementFactoryHelper$LoggingMXBeanAccess done
Event: 5.813 Loading class sun/management/ManagementFactoryHelper$LoggingMXBeanAccess$1
Event: 5.813 Loading class sun/management/ManagementFactoryHelper$LoggingMXBeanAccess$1 done
Event: 5.813 Loading class java/lang/management/DefaultPlatformMBeanProvider$9
Event: 5.813 Loading class java/lang/management/DefaultPlatformMBeanProvider$9 done
Event: 5.813 Loading class java/lang/management/DefaultPlatformMBeanProvider$10
Event: 5.813 Loading class java/lang/management/DefaultPlatformMBeanProvider$10 done
Event: 5.813 Loading class java/lang/management/DefaultPlatformMBeanProvider$11
Event: 5.813 Loading class java/lang/management/DefaultPlatformMBeanProvider$11 done
Event: 5.813 Loading class jdk/management/jfr/FlightRecorderMXBean
Event: 5.813 Loading class jdk/management/jfr/FlightRecorderMXBean done
Event: 5.813 Loading class jdk/management/jfr/internal/FlightRecorderMXBeanProvider$SingleMBeanComponent
Event: 5.813 Loading class jdk/management/jfr/internal/FlightRecorderMXBeanProvider$SingleMBeanComponent done
Event: 5.814 Loading class sun/management/RuntimeImpl
Event: 5.814 Loading class sun/management/RuntimeImpl done
Event: 5.816 Loading class java/util/IdentityHashMap$KeySpliterator
Event: 5.816 Loading class java/util/IdentityHashMap$IdentityHashMapSpliterator
Event: 5.816 Loading class java/util/IdentityHashMap$IdentityHashMapSpliterator done
Event: 5.816 Loading class java/util/IdentityHashMap$KeySpliterator done

Classes unloaded (0 events):
No events

Classes redefined (0 events):
No events

Internal exceptions (20 events):
Event: 3.752 Thread 0x00007f2f9c0191b0 Exception <a 'java/lang/NoSuchMethodError'{0x000000070d6ddbe0}: 'long java.lang.invoke.DelegatingMethodHandle$Holder.reinvoke_L(java.lang.Object, java.lang.Object)'> (0x000000070d6ddbe0) 
thrown [./src/hotspot/share/interpreter/linkResolver.cpp, line 772]
Event: 3.752 Thread 0x00007f2f9c0191b0 Exception <a 'java/lang/NoSuchMethodError'{0x000000070d6e7fa0}: 'java.lang.Object java.lang.invoke.DirectMethodHandle$Holder.invokeInterface(java.lang.Object, java.lang.Object, java.lang.Object, java.lang.Object)'> (0x000000070d6e7fa0) 
thrown [./src/hotspot/share/interpreter/linkResolver.cpp, line 772]
Event: 3.922 Thread 0x00007f2f9c0191b0 Exception <a 'java/lang/IncompatibleClassChangeError'{0x000000070e9c30d0}: Found class java.lang.Object, but interface was expected> (0x000000070e9c30d0) 
thrown [./src/hotspot/share/interpreter/linkResolver.cpp, line 840]
Event: 3.973 Thread 0x00007f2f9c0191b0 Exception <a 'java/lang/NoSuchMethodError'{0x000000070e180cd0}: 'void java.lang.invoke.Invokers$Holder.invokeExact_MT(java.lang.Object, java.lang.Object, java.lang.Object, java.lang.Object)'> (0x000000070e180cd0) 
thrown [./src/hotspot/share/interpreter/linkResolver.cpp, line 772]
Event: 4.005 Thread 0x00007f2f9c0191b0 Exception <a 'java/lang/ClassNotFoundException'{0x00000007fff45a50}: org/springframework/boot/loader/net/protocol/http/Handler> (0x00000007fff45a50) 
thrown [./src/hotspot/share/classfile/systemDictionary.cpp, line 313]
Event: 4.400 Thread 0x00007f2f9c0191b0 Implicit null exception at 0x00007f2f8c32ba89 to 0x00007f2f8c32c570
Event: 5.300 Thread 0x00007f2f9c0191b0 Exception <a 'java/lang/NoSuchMethodError'{0x000000070e112ad8}: 'java.lang.Object java.lang.invoke.DirectMethodHandle$Holder.invokeStaticInit(java.lang.Object, java.lang.Object, java.lang.Object, java.lang.Object, java.lang.Object)'> (0x000000070e112ad8) 
thrown [./src/hotspot/share/interpreter/linkResolver.cpp, line 772]
Event: 5.300 Thread 0x00007f2f9c0191b0 Exception <a 'java/lang/NoSuchMethodError'{0x000000070e1166b0}: 'java.lang.Object java.lang.invoke.Invokers$Holder.invoke_MT(java.lang.Object, java.lang.Object, java.lang.Object, java.lang.Object, java.lang.Object, java.lang.Object)'> (0x000000070e1166b0) 
thrown [./src/hotspot/share/interpreter/linkResolver.cpp, line 772]
Event: 5.301 Thread 0x00007f2f9c0191b0 Exception <a 'java/lang/NoSuchMethodError'{0x000000070e11daf0}: 'int java.lang.invoke.DirectMethodHandle$Holder.invokeStaticInit(java.lang.Object, java.lang.Object, java.lang.Object, java.lang.Object, java.lang.Object)'> (0x000000070e11daf0) 
thrown [./src/hotspot/share/interpreter/linkResolver.cpp, line 772]
Event: 5.302 Thread 0x00007f2f9c0191b0 Exception <a 'java/lang/NoSuchMethodError'{0x000000070e1217f0}: 'int java.lang.invoke.DirectMethodHandle$Holder.invokeStaticInit(java.lang.Object, int)'> (0x000000070e1217f0) 
thrown [./src/hotspot/share/interpreter/linkResolver.cpp, line 772]
Event: 5.302 Thread 0x00007f2f9c0191b0 Exception <a 'java/lang/NoSuchMethodError'{0x000000070e125498}: 'int java.lang.invoke.DirectMethodHandle$Holder.invokeStatic(java.lang.Object, java.lang.Object, java.lang.Object, java.lang.Object, java.lang.Object, java.lang.Object)'> (0x000000070e125498) 
thrown [./src/hotspot/share/interpreter/linkResolver.cpp, line 772]
Event: 5.302 Thread 0x00007f2f9c0191b0 Exception <a 'java/lang/NoSuchMethodError'{0x000000070e128ec0}: 'int java.lang.invoke.DirectMethodHandle$Holder.invokeStaticInit(java.lang.Object, java.lang.Object, java.lang.Object, java.lang.Object, java.lang.Object, java.lang.Object)'> (0x000000070e128ec0) 
thrown [./src/hotspot/share/interpreter/linkResolver.cpp, line 772]
Event: 5.306 Thread 0x00007f2f9c0191b0 Implicit null exception at 0x00007f2f8c367f76 to 0x00007f2f8c3680ac
Event: 5.307 Thread 0x00007f2f9c0191b0 Exception <a 'java/lang/NoSuchMethodError'{0x000000070e160ab0}: 'int java.lang.invoke.Invokers$Holder.linkToTargetMethod(java.lang.Object, int, java.lang.Object)'> (0x000000070e160ab0) 
thrown [./src/hotspot/share/interpreter/linkResolver.cpp, line 772]
Event: 5.425 Thread 0x00007f2f9c0191b0 Exception <a 'java/lang/NoSuchMethodError'{0x00000007112495b8}: 'java.lang.Object java.lang.invoke.DirectMethodHandle$Holder.newInvokeSpecial(java.lang.Object, java.lang.Object, java.lang.Object, java.lang.Object, java.lang.Object, java.lang.Object, java.lang.Object, java.lang.Object)'> (0x00000007112495b8) 
thrown [./src/hotspot/share/interpreter/linkResolver.cpp, line 772]
Event: 5.597 Thread 0x00007f2f9c0191b0 Exception <a 'java/lang/IncompatibleClassChangeError'{0x000000071029acc0}: Found class java.lang.Object, but interface was expected> (0x000000071029acc0) 
thrown [./src/hotspot/share/interpreter/linkResolver.cpp, line 840]
Event: 5.654 Thread 0x00007f2f9c0191b0 Exception <a 'java/lang/NoSuchMethodError'{0x000000070fd348c0}: 'int java.lang.invoke.DirectMethodHandle$Holder.invokeStaticInit(java.lang.Object, java.lang.Object, java.lang.Object, java.lang.Object)'> (0x000000070fd348c0) 
thrown [./src/hotspot/share/interpreter/linkResolver.cpp, line 772]
Event: 5.710 Thread 0x00007f2f9c0191b0 Implicit null exception at 0x00007f2f8c4cb2c5 to 0x00007f2f8c4cb33c
Event: 5.739 Thread 0x00007f2f9c0191b0 Exception <a 'java/lang/NoSuchMethodError'{0x000000070f2e1150}: 'java.lang.Object java.lang.invoke.Invokers$Holder.invoke_MT(java.lang.Object, java.lang.Object, java.lang.Object, java.lang.Object, java.lang.Object, java.lang.Object, java.lang.Object, java.lang.Object, java.lang.Object, java.lang.Object, java.lang.Object)'> (0x000000070f2e1150) 
thrown [./src/hotspot/share/interpreter/linkResolver.cpp, line 772]
Event: 5.788 Thread 0x00007f2f9c0191b0 Exception <a 'java/lang/NoSuchMethodError'{0x000000070efdd3d0}: 'java.lang.Object java.lang.invoke.DirectMethodHandle$Holder.newInvokeSpecial(java.lang.Object, java.lang.Object, int, java.lang.Object, java.lang.Object)'> (0x000000070efdd3d0) 
thrown [./src/hotspot/share/interpreter/linkResolver.cpp, line 772]

ZGC Phase Switch (0 events):
No events

VM Operations (20 events):
Event: 5.385 Executing safepoint VM operation: Cleanup
Event: 5.385 Executing safepoint VM operation: Cleanup done
Event: 5.403 Executing safepoint VM operation: G1CollectForAllocation (G1 Evacuation Pause)
Event: 5.406 Executing safepoint VM operation: G1CollectForAllocation (G1 Evacuation Pause) done
Event: 5.489 Executing non-safepoint VM operation: HandshakeAllThreads (Deoptimize)
Event: 5.489 Executing non-safepoint VM operation: HandshakeAllThreads (Deoptimize) done
Event: 5.495 Executing non-safepoint VM operation: HandshakeAllThreads (Deoptimize)
Event: 5.496 Executing non-safepoint VM operation: HandshakeAllThreads (Deoptimize) done
Event: 5.510 Executing non-safepoint VM operation: HandshakeAllThreads (Deoptimize)
Event: 5.510 Executing non-safepoint VM operation: HandshakeAllThreads (Deoptimize) done
Event: 5.512 Executing non-safepoint VM operation: HandshakeAllThreads (Deoptimize)
Event: 5.512 Executing non-safepoint VM operation: HandshakeAllThreads (Deoptimize) done
Event: 5.605 Executing non-safepoint VM operation: HandshakeAllThreads (Deoptimize)
Event: 5.605 Executing non-safepoint VM operation: HandshakeAllThreads (Deoptimize) done
Event: 5.612 Executing non-safepoint VM operation: HandshakeAllThreads (Deoptimize)
Event: 5.612 Executing non-safepoint VM operation: HandshakeAllThreads (Deoptimize) done
Event: 5.639 Executing non-safepoint VM operation: HandshakeAllThreads (Deoptimize)
Event: 5.639 Executing non-safepoint VM operation: HandshakeAllThreads (Deoptimize) done
Event: 5.798 Executing non-safepoint VM operation: HandshakeAllThreads (Deoptimize)
Event: 5.798 Executing non-safepoint VM operation: HandshakeAllThreads (Deoptimize) done

Memory protections (20 events):
Event: 4.449 Protecting memory [0x00007f2f71f00000,0x00007f2f71f04000] with protection modes 0
Event: 5.129 Protecting memory [0x00007f2f80029000,0x00007f2f8002d000] with protection modes 0
Event: 5.356 Protecting memory [0x00007f2f80029000,0x00007f2f8002d000] with protection modes 0
Event: 5.387 Protecting memory [0x00007f2f71f00000,0x00007f2f71f04000] with protection modes 0
Event: 5.388 Protecting memory [0x00007f2f70dc3000,0x00007f2f70dc7000] with protection modes 0
Event: 5.401 Protecting memory [0x00007f2f70cc2000,0x00007f2f70cc6000] with protection modes 0
Event: 5.793 Protecting memory [0x00007f2f70bc1000,0x00007f2f70bc5000] with protection modes 0
Event: 5.793 Protecting memory [0x00007f2f70ac0000,0x00007f2f70ac4000] with protection modes 0
Event: 5.793 Protecting memory [0x00007f2f709bf000,0x00007f2f709c3000] with protection modes 0
Event: 5.793 Protecting memory [0x00007f2f708be000,0x00007f2f708c2000] with protection modes 0
Event: 5.793 Protecting memory [0x00007f2f707bd000,0x00007f2f707c1000] with protection modes 0
Event: 5.793 Protecting memory [0x00007f2f706bc000,0x00007f2f706c0000] with protection modes 0
Event: 5.794 Protecting memory [0x00007f2f705bb000,0x00007f2f705bf000] with protection modes 0
Event: 5.794 Protecting memory [0x00007f2f704ba000,0x00007f2f704be000] with protection modes 0
Event: 5.794 Protecting memory [0x00007f2f703b9000,0x00007f2f703bd000] with protection modes 0
Event: 5.794 Protecting memory [0x00007f2f702b8000,0x00007f2f702bc000] with protection modes 0
Event: 5.797 Protecting memory [0x00007f2f701b7000,0x00007f2f701bb000] with protection modes 0
Event: 5.798 Protecting memory [0x00007f2f700b6000,0x00007f2f700ba000] with protection modes 0
Event: 5.808 Protecting memory [0x00007f2f1ef00000,0x00007f2f1ef04000] with protection modes 0
Event: 5.816 Protecting memory [0x00007f2fa2d00000,0x00007f2fa2d04000] with protection modes 0

Nmethod flushes (20 events):
Event: 3.398 Thread 0x00007f2f9c1513a0 flushing  nmethod 0x00007f2f84a69c10
Event: 3.398 Thread 0x00007f2f9c1513a0 flushing  nmethod 0x00007f2f84a6a790
Event: 3.398 Thread 0x00007f2f9c1513a0 flushing  nmethod 0x00007f2f84a6c790
Event: 3.398 Thread 0x00007f2f9c1513a0 flushing  nmethod 0x00007f2f84bb5090
Event: 3.398 Thread 0x00007f2f9c1513a0 flushing  nmethod 0x00007f2f84bbd910
Event: 3.398 Thread 0x00007f2f9c1513a0 flushing  nmethod 0x00007f2f84ccaf10
Event: 3.398 Thread 0x00007f2f9c1513a0 flushing  nmethod 0x00007f2f84ccb310
Event: 3.398 Thread 0x00007f2f9c1513a0 flushing  nmethod 0x00007f2f84ccce10
Event: 3.398 Thread 0x00007f2f9c1513a0 flushing  nmethod 0x00007f2f84ccd610
Event: 3.398 Thread 0x00007f2f9c1513a0 flushing  nmethod 0x00007f2f84ccf290
Event: 3.398 Thread 0x00007f2f9c1513a0 flushing  nmethod 0x00007f2f84d86e10
Event: 3.398 Thread 0x00007f2f9c1513a0 flushing  nmethod 0x00007f2f84d87f10
Event: 3.398 Thread 0x00007f2f9c1513a0 flushing  nmethod 0x00007f2f84df9410
Event: 3.398 Thread 0x00007f2f9c1513a0 flushing  nmethod 0x00007f2f84dfe910
Event: 3.398 Thread 0x00007f2f9c1513a0 flushing  nmethod 0x00007f2f84eb6f90
Event: 3.398 Thread 0x00007f2f9c1513a0 flushing  nmethod 0x00007f2f84eb9e90
Event: 3.398 Thread 0x00007f2f9c1513a0 flushing  nmethod 0x00007f2f84f20c90
Event: 3.398 Thread 0x00007f2f9c1513a0 flushing  nmethod 0x00007f2f84f27d10
Event: 3.398 Thread 0x00007f2f9c1513a0 flushing  nmethod 0x00007f2f84f2b090
Event: 3.398 Thread 0x00007f2f9c1513a0 flushing  nmethod 0x00007f2f85081290

Events (20 events):
Event: 5.299 Thread 0x00007f2ef8816ac0 Thread exited: 0x00007f2ef8816ac0
Event: 5.356 Thread 0x00007f2f9c166ff0 Thread added: 0x00007f2ef825bf70
Event: 5.387 Thread 0x00007f2f9c0191b0 Thread added: 0x00007f2f9cb35d80
Event: 5.388 Thread 0x00007f2f9c0191b0 Thread added: 0x00007f2f9cb37470
Event: 5.401 Thread 0x00007f2f9c166ff0 Thread added: 0x00007f2ef8471b40
Event: 5.793 Thread 0x00007f2f9c0191b0 Thread added: 0x00007f2f9e683680
Event: 5.793 Thread 0x00007f2f9c0191b0 Thread added: 0x00007f2f9e6846e0
Event: 5.793 Thread 0x00007f2f9c0191b0 Thread added: 0x00007f2f9e685840
Event: 5.793 Thread 0x00007f2f9c0191b0 Thread added: 0x00007f2f9e686a00
Event: 5.793 Thread 0x00007f2f9c0191b0 Thread added: 0x00007f2f9e687bd0
Event: 5.793 Thread 0x00007f2f9c0191b0 Thread added: 0x00007f2f9e6899d0
Event: 5.794 Thread 0x00007f2f9c0191b0 Thread added: 0x00007f2f9e68aeb0
Event: 5.794 Thread 0x00007f2f9c0191b0 Thread added: 0x00007f2f9e68c460
Event: 5.794 Thread 0x00007f2f9c0191b0 Thread added: 0x00007f2f9e68da10
Event: 5.794 Thread 0x00007f2f9c0191b0 Thread added: 0x00007f2f9e68efc0
Event: 5.797 Thread 0x00007f2f9c0191b0 Thread added: 0x00007f2f9e691f10
Event: 5.798 Thread 0x00007f2f9c0191b0 Thread added: 0x00007f2f9e698940
Event: 5.808 Thread 0x00007f2f9c0191b0 Thread added: 0x00007f2f9e69c5a0
Event: 5.816 Thread 0x00007f2f9c0191b0 Thread exited: 0x00007f2f9c0191b0
Event: 5.816 Thread 0x00007f2f9c0191b0 Thread added: 0x00007f2f9c0191b0


Dynamic libraries:
70b600000-711400000 rw-p 00000000 00:00 0 
711400000-7ffe00000 ---p 00000000 00:00 0 
7ffe00000-7fff0d000 rw-p 00cdb000 103:03 4887184                         /usr/lib/jvm/java-21-openjdk-amd64/lib/server/classes.jsa
7fff0d000-800000000 rw-p 00000000 00:00 0 
55aa8178a000-55aa8178b000 r--p 00000000 103:03 4211134                   /usr/lib/jvm/java-21-openjdk-amd64/bin/java
55aa8178b000-55aa8178c000 r-xp 00001000 103:03 4211134                   /usr/lib/jvm/java-21-openjdk-amd64/bin/java
55aa8178c000-55aa8178d000 r--p 00002000 103:03 4211134                   /usr/lib/jvm/java-21-openjdk-amd64/bin/java
55aa8178d000-55aa8178e000 r--p 00002000 103:03 4211134                   /usr/lib/jvm/java-21-openjdk-amd64/bin/java
55aa8178e000-55aa8178f000 rw-p 00003000 103:03 4211134                   /usr/lib/jvm/java-21-openjdk-amd64/bin/java
55aa9baf9000-55aa9bb40000 rw-p 00000000 00:00 0                          [heap]
7f2e64000000-7f2e64021000 rw-p 00000000 00:00 0 
7f2e64021000-7f2e68000000 ---p 00000000 00:00 0 
7f2e6c000000-7f2e6c021000 rw-p 00000000 00:00 0 
7f2e6c021000-7f2e70000000 ---p 00000000 00:00 0 
7f2e70000000-7f2e70021000 rw-p 00000000 00:00 0 
7f2e70021000-7f2e74000000 ---p 00000000 00:00 0 
7f2e74000000-7f2e74021000 rw-p 00000000 00:00 0 
7f2e74021000-7f2e78000000 ---p 00000000 00:00 0 
7f2e78000000-7f2e78021000 rw-p 00000000 00:00 0 
7f2e78021000-7f2e7c000000 ---p 00000000 00:00 0 
7f2e7c000000-7f2e7c021000 rw-p 00000000 00:00 0 
7f2e7c021000-7f2e80000000 ---p 00000000 00:00 0 
7f2e80000000-7f2e80021000 rw-p 00000000 00:00 0 
7f2e80021000-7f2e84000000 ---p 00000000 00:00 0 
7f2e84000000-7f2e84021000 rw-p 00000000 00:00 0 
7f2e84021000-7f2e88000000 ---p 00000000 00:00 0 
7f2e88000000-7f2e88021000 rw-p 00000000 00:00 0 
7f2e88021000-7f2e8c000000 ---p 00000000 00:00 0 
7f2e8c000000-7f2e8c021000 rw-p 00000000 00:00 0 
7f2e8c021000-7f2e90000000 ---p 00000000 00:00 0 
7f2e90000000-7f2e90021000 rw-p 00000000 00:00 0 
7f2e90021000-7f2e94000000 ---p 00000000 00:00 0 
7f2e94000000-7f2e94021000 rw-p 00000000 00:00 0 
7f2e94021000-7f2e98000000 ---p 00000000 00:00 0 
7f2e98000000-7f2e98021000 rw-p 00000000 00:00 0 
7f2e98021000-7f2e9c000000 ---p 00000000 00:00 0 
7f2e9c000000-7f2e9c021000 rw-p 00000000 00:00 0 
7f2e9c021000-7f2ea0000000 ---p 00000000 00:00 0 
7f2ea0000000-7f2ea1074000 rw-p 00000000 00:00 0 
7f2ea1074000-7f2ea4000000 ---p 00000000 00:00 0 
7f2ea4000000-7f2ea4100000 rw-p 00000000 00:00 0 
7f2ea4100000-7f2ea4440000 rw-p 00000000 00:00 0 
7f2ea4440000-7f2ea4500000 ---p 00000000 00:00 0 
7f2ea4500000-7f2ea4520000 rw-p 00000000 00:00 0 
7f2ea4520000-7f2ea8000000 ---p 00000000 00:00 0 
7f2ea8000000-7f2ea8021000 rw-p 00000000 00:00 0 
7f2ea8021000-7f2eac000000 ---p 00000000 00:00 0 
7f2eac000000-7f2eac021000 rw-p 00000000 00:00 0 
7f2eac021000-7f2eb0000000 ---p 00000000 00:00 0 
7f2eb0000000-7f2eb0021000 rw-p 00000000 00:00 0 
7f2eb0021000-7f2eb4000000 ---p 00000000 00:00 0 
7f2eb4000000-7f2eb4021000 rw-p 00000000 00:00 0 
7f2eb4021000-7f2eb8000000 ---p 00000000 00:00 0 
7f2eb8000000-7f2eb8021000 rw-p 00000000 00:00 0 
7f2eb8021000-7f2ebc000000 ---p 00000000 00:00 0 
7f2ebc000000-7f2ebc021000 rw-p 00000000 00:00 0 
7f2ebc021000-7f2ec0000000 ---p 00000000 00:00 0 
7f2ec0000000-7f2ec0021000 rw-p 00000000 00:00 0 
7f2ec0021000-7f2ec4000000 ---p 00000000 00:00 0 
7f2ec4000000-7f2ec4021000 rw-p 00000000 00:00 0 
7f2ec4021000-7f2ec8000000 ---p 00000000 00:00 0 
7f2ec8000000-7f2ec8021000 rw-p 00000000 00:00 0 
7f2ec8021000-7f2ecc000000 ---p 00000000 00:00 0 
7f2ecc000000-7f2ecc021000 rw-p 00000000 00:00 0 
7f2ecc021000-7f2ed0000000 ---p 00000000 00:00 0 
7f2ed0000000-7f2ed0454000 rw-p 00000000 00:00 0 
7f2ed0454000-7f2ed4000000 ---p 00000000 00:00 0 
7f2ed4000000-7f2ed4021000 rw-p 00000000 00:00 0 
7f2ed4021000-7f2ed8000000 ---p 00000000 00:00 0 
7f2ed8000000-7f2ed8021000 rw-p 00000000 00:00 0 
7f2ed8021000-7f2edc000000 ---p 00000000 00:00 0 
7f2edc000000-7f2edc021000 rw-p 00000000 00:00 0 
7f2edc021000-7f2ee0000000 ---p 00000000 00:00 0 
7f2ee0000000-7f2ee0021000 rw-p 00000000 00:00 0 
7f2ee0021000-7f2ee4000000 ---p 00000000 00:00 0 
7f2ee4000000-7f2ee4021000 rw-p 00000000 00:00 0 
7f2ee4021000-7f2ee8000000 ---p 00000000 00:00 0 
7f2ee8000000-7f2ee957f000 rw-p 00000000 00:00 0 
7f2ee957f000-7f2eec000000 ---p 00000000 00:00 0 
7f2eec000000-7f2eeda95000 rw-p 00000000 00:00 0 
7f2eeda95000-7f2ef0000000 ---p 00000000 00:00 0 
7f2ef0000000-7f2ef0021000 rw-p 00000000 00:00 0 
7f2ef0021000-7f2ef4000000 ---p 00000000 00:00 0 
7f2ef4000000-7f2ef4021000 rw-p 00000000 00:00 0 
7f2ef4021000-7f2ef8000000 ---p 00000000 00:00 0 
7f2ef8000000-7f2ef88b3000 rw-p 00000000 00:00 0 
7f2ef88b3000-7f2efc000000 ---p 00000000 00:00 0 
7f2efc000000-7f2efc021000 rw-p 00000000 00:00 0 
7f2efc021000-7f2f00000000 ---p 00000000 00:00 0 
7f2f00000000-7f2f00021000 rw-p 00000000 00:00 0 
7f2f00021000-7f2f04000000 ---p 00000000 00:00 0 
7f2f04000000-7f2f0578a000 rw-p 00000000 00:00 0 
7f2f0578a000-7f2f08000000 ---p 00000000 00:00 0 
7f2f08000000-7f2f08021000 rw-p 00000000 00:00 0 
7f2f08021000-7f2f0c000000 ---p 00000000 00:00 0 
7f2f0c000000-7f2f0c021000 rw-p 00000000 00:00 0 
7f2f0c021000-7f2f10000000 ---p 00000000 00:00 0 
7f2f10000000-7f2f10021000 rw-p 00000000 00:00 0 
7f2f10021000-7f2f14000000 ---p 00000000 00:00 0 
7f2f14000000-7f2f14021000 rw-p 00000000 00:00 0 
7f2f14021000-7f2f18000000 ---p 00000000 00:00 0 
7f2f18000000-7f2f18021000 rw-p 00000000 00:00 0 
7f2f18021000-7f2f1c000000 ---p 00000000 00:00 0 
7f2f1ec1d000-7f2f1eeff000 rw-p 00000000 00:00 0 
7f2f1eeff000-7f2f1ef00000 ---p 00000000 00:00 0 
7f2f1ef00000-7f2f1ef04000 ---p 00000000 00:00 0 
7f2f1ef04000-7f2f1f000000 rw-p 00000000 00:00 0 
7f2f1f000000-7f2f1f400000 rw-p 00000000 00:00 0 
7f2f1f400000-7f2f1fdc0000 rw-p 00000000 00:00 0 
7f2f1fdc0000-7f2f1fe00000 rw-p 00000000 00:00 0 
7f2f1fe00000-7f2f20000000 rw-p 00000000 00:00 0 
7f2f20000000-7f2f20780000 rw-p 00000000 00:00 0 
7f2f20780000-7f2f20800000 rw-p 00000000 00:00 0 
7f2f20800000-7f2f20a00000 rw-p 00000000 00:00 0 
7f2f20a00000-7f2f21100000 rw-p 00000000 00:00 0 
7f2f21100000-7f2f21200000 rw-p 00000000 00:00 0 
7f2f21200000-7f2f22a80000 rw-p 00000000 00:00 0 
7f2f22a80000-7f2f22b00000 rw-p 00000000 00:00 0 
7f2f22b00000-7f2f22d80000 rw-p 00000000 00:00 0 
7f2f22d80000-7f2f22f00000 rw-p 00000000 00:00 0 
7f2f22f00000-7f2f22f40000 rw-p 00000000 00:00 0 
7f2f22f40000-7f2f22f80000 rw-p 00000000 00:00 0 
7f2f22f80000-7f2f23000000 rw-p 00000000 00:00 0 
7f2f23000000-7f2f23c9c000 rw-p 00001000 103:03 4887184                   /usr/lib/jvm/java-21-openjdk-amd64/lib/server/classes.jsa
7f2f23c9c000-7f2f24000000 ---p 00000000 00:00 0 
7f2f24000000-7f2f24040000 rw-p 00000000 00:00 0 
7f2f24040000-7f2f24080000 rw-p 00000000 00:00 0 
7f2f24080000-7f2f24100000 rw-p 00000000 00:00 0 
7f2f24100000-7f2f241c0000 rw-p 00000000 00:00 0 
7f2f241c0000-7f2f24200000 rw-p 00000000 00:00 0 
7f2f24200000-7f2f24640000 rw-p 00000000 00:00 0 
7f2f24640000-7f2f24680000 rw-p 00000000 00:00 0 
7f2f24680000-7f2f24a40000 rw-p 00000000 00:00 0 
7f2f24a40000-7f2f24a60000 rw-p 00000000 00:00 0 
7f2f24a60000-7f2f24a80000 rw-p 00000000 00:00 0 
7f2f24a80000-7f2f24b00000 rw-p 00000000 00:00 0 
7f2f24b00000-7f2f64000000 ---p 00000000 00:00 0 
7f2f64000000-7f2f64021000 rw-p 00000000 00:00 0 
7f2f64021000-7f2f68000000 ---p 00000000 00:00 0 
7f2f68000000-7f2f68021000 rw-p 00000000 00:00 0 
7f2f68021000-7f2f6c000000 ---p 00000000 00:00 0 
7f2f6c000000-7f2f6c021000 rw-p 00000000 00:00 0 
7f2f6c021000-7f2f70000000 ---p 00000000 00:00 0 
7f2f700b5000-7f2f700b6000 ---p 00000000 00:00 0 
7f2f700b6000-7f2f700ba000 ---p 00000000 00:00 0 
7f2f700ba000-7f2f701b6000 rw-p 00000000 00:00 0 
7f2f701b6000-7f2f701b7000 ---p 00000000 00:00 0 
7f2f701b7000-7f2f701bb000 ---p 00000000 00:00 0 
7f2f701bb000-7f2f702b7000 rw-p 00000000 00:00 0 
7f2f702b7000-7f2f702b8000 ---p 00000000 00:00 0 
7f2f702b8000-7f2f702bc000 ---p 00000000 00:00 0 
7f2f702bc000-7f2f703b8000 rw-p 00000000 00:00 0 
7f2f703b8000-7f2f703b9000 ---p 00000000 00:00 0 
7f2f703b9000-7f2f703bd000 ---p 00000000 00:00 0 
7f2f703bd000-7f2f704b9000 rw-p 00000000 00:00 0 
7f2f704b9000-7f2f704ba000 ---p 00000000 00:00 0 
7f2f704ba000-7f2f704be000 ---p 00000000 00:00 0 
7f2f704be000-7f2f705ba000 rw-p 00000000 00:00 0 
7f2f705ba000-7f2f705bb000 ---p 00000000 00:00 0 
7f2f705bb000-7f2f705bf000 ---p 00000000 00:00 0 
7f2f705bf000-7f2f706bb000 rw-p 00000000 00:00 0 
7f2f706bb000-7f2f706bc000 ---p 00000000 00:00 0 
7f2f706bc000-7f2f706c0000 ---p 00000000 00:00 0 
7f2f706c0000-7f2f707bc000 rw-p 00000000 00:00 0 
7f2f707bc000-7f2f707bd000 ---p 00000000 00:00 0 
7f2f707bd000-7f2f707c1000 ---p 00000000 00:00 0 
7f2f707c1000-7f2f708bd000 rw-p 00000000 00:00 0 
7f2f708bd000-7f2f708be000 ---p 00000000 00:00 0 
7f2f708be000-7f2f708c2000 ---p 00000000 00:00 0 
7f2f708c2000-7f2f709be000 rw-p 00000000 00:00 0 
7f2f709be000-7f2f709bf000 ---p 00000000 00:00 0 
7f2f709bf000-7f2f709c3000 ---p 00000000 00:00 0 
7f2f709c3000-7f2f70abf000 rw-p 00000000 00:00 0 
7f2f70abf000-7f2f70ac0000 ---p 00000000 00:00 0 
7f2f70ac0000-7f2f70ac4000 ---p 00000000 00:00 0 
7f2f70ac4000-7f2f70bc0000 rw-p 00000000 00:00 0 
7f2f70bc0000-7f2f70bc1000 ---p 00000000 00:00 0 
7f2f70bc1000-7f2f70bc5000 ---p 00000000 00:00 0 
7f2f70bc5000-7f2f70cc1000 rw-p 00000000 00:00 0 
7f2f70cc1000-7f2f70cc2000 ---p 00000000 00:00 0 
7f2f70cc2000-7f2f70cc6000 ---p 00000000 00:00 0 
7f2f70cc6000-7f2f70dc2000 rw-p 00000000 00:00 0 
7f2f70dc2000-7f2f70dc3000 ---p 00000000 00:00 0 
7f2f70dc3000-7f2f70dc7000 ---p 00000000 00:00 0 
7f2f70dc7000-7f2f70ec3000 rw-p 00000000 00:00 0 
7f2f70ec3000-7f2f70ec4000 ---p 00000000 00:00 0 
7f2f70ec4000-7f2f70ec8000 ---p 00000000 00:00 0 
7f2f70ec8000-7f2f70fc4000 rw-p 00000000 00:00 0 
7f2f70fc4000-7f2f70fc5000 ---p 00000000 00:00 0 
7f2f70fc5000-7f2f70fc9000 ---p 00000000 00:00 0 
7f2f70fc9000-7f2f710c5000 rw-p 00000000 00:00 0 
7f2f710c5000-7f2f710c6000 ---p 00000000 00:00 0 
7f2f710c6000-7f2f710ca000 ---p 00000000 00:00 0 
7f2f710ca000-7f2f711c6000 rw-p 00000000 00:00 0 
7f2f711f2000-7f2f711f3000 ---p 00000000 00:00 0 
7f2f711f3000-7f2f711f7000 ---p 00000000 00:00 0 
7f2f711f7000-7f2f712f3000 rw-p 00000000 00:00 0 
7f2f712f3000-7f2f712f4000 ---p 00000000 00:00 0 
7f2f712f4000-7f2f712f8000 ---p 00000000 00:00 0 
7f2f712f8000-7f2f713f4000 rw-p 00000000 00:00 0 
7f2f713f4000-7f2f713f5000 ---p 00000000 00:00 0 
7f2f713f5000-7f2f713f9000 ---p 00000000 00:00 0 
7f2f713f9000-7f2f714f5000 rw-p 00000000 00:00 0 
7f2f714f5000-7f2f714f6000 ---p 00000000 00:00 0 
7f2f714f6000-7f2f714fa000 ---p 00000000 00:00 0 
7f2f714fa000-7f2f715f6000 rw-p 00000000 00:00 0 
7f2f715f6000-7f2f715f7000 ---p 00000000 00:00 0 
7f2f715f7000-7f2f715fb000 ---p 00000000 00:00 0 
7f2f715fb000-7f2f716f7000 rw-p 00000000 00:00 0 
7f2f716f7000-7f2f716f8000 ---p 00000000 00:00 0 
7f2f716f8000-7f2f717f8000 rw-p 00000000 00:00 0 
7f2f717f8000-7f2f717f9000 ---p 00000000 00:00 0 
7f2f717f9000-7f2f718f9000 rw-p 00000000 00:00 0 
7f2f718f9000-7f2f718fa000 ---p 00000000 00:00 0 
7f2f718fa000-7f2f719fa000 rw-p 00000000 00:00 0 
7f2f719fa000-7f2f719fb000 ---p 00000000 00:00 0 
7f2f719fb000-7f2f719ff000 ---p 00000000 00:00 0 
7f2f719ff000-7f2f71afb000 rw-p 00000000 00:00 0 
7f2f71afb000-7f2f71afc000 ---p 00000000 00:00 0 
7f2f71afc000-7f2f71bfc000 rw-p 00000000 00:00 0 
7f2f71bfc000-7f2f71bfd000 ---p 00000000 00:00 0 
7f2f71bfd000-7f2f71cfd000 rw-p 00000000 00:00 0 
7f2f71cfd000-7f2f71cfe000 ---p 00000000 00:00 0 
7f2f71cfe000-7f2f71dfe000 rw-p 00000000 00:00 0 
7f2f71dfe000-7f2f71dff000 ---p 00000000 00:00 0 
7f2f71dff000-7f2f71eff000 rw-p 00000000 00:00 0 
7f2f71eff000-7f2f71f00000 ---p 00000000 00:00 0 
7f2f71f00000-7f2f71f04000 ---p 00000000 00:00 0 
7f2f71f04000-7f2f72000000 rw-p 00000000 00:00 0 
7f2f72000000-7f2f74021000 rw-p 00000000 00:00 0 
7f2f74021000-7f2f78000000 ---p 00000000 00:00 0 
7f2f78000000-7f2f78021000 rw-p 00000000 00:00 0 
7f2f78021000-7f2f7c000000 ---p 00000000 00:00 0 
7f2f7c000000-7f2f7c021000 rw-p 00000000 00:00 0 
7f2f7c021000-7f2f80000000 ---p 00000000 00:00 0 
7f2f80028000-7f2f80029000 ---p 00000000 00:00 0 
7f2f80029000-7f2f8002d000 ---p 00000000 00:00 0 
7f2f8002d000-7f2f80129000 rw-p 00000000 00:00 0 
7f2f80129000-7f2f8012a000 ---p 00000000 00:00 0 
7f2f8012a000-7f2f8012e000 ---p 00000000 00:00 0 
7f2f8012e000-7f2f8022a000 rw-p 00000000 00:00 0 
7f2f8022a000-7f2f8022b000 ---p 00000000 00:00 0 
7f2f8022b000-7f2f8022f000 ---p 00000000 00:00 0 
7f2f8022f000-7f2f8032b000 rw-p 00000000 00:00 0 
7f2f8032b000-7f2f8032c000 ---p 00000000 00:00 0 
7f2f8032c000-7f2f80330000 ---p 00000000 00:00 0 
7f2f80330000-7f2f8042c000 rw-p 00000000 00:00 0 
7f2f8042c000-7f2f80431000 r--p 00000000 103:03 4887165                   /usr/lib/jvm/java-21-openjdk-amd64/lib/libjsvml.so
7f2f80431000-7f2f80472000 r-xp 00005000 103:03 4887165                   /usr/lib/jvm/java-21-openjdk-amd64/lib/libjsvml.so
7f2f80472000-7f2f804fb000 r--p 00046000 103:03 4887165                   /usr/lib/jvm/java-21-openjdk-amd64/lib/libjsvml.so
7f2f804fb000-7f2f804fc000 r--p 000ce000 103:03 4887165                   /usr/lib/jvm/java-21-openjdk-amd64/lib/libjsvml.so
7f2f804fc000-7f2f804fd000 rw-p 000cf000 103:03 4887165                   /usr/lib/jvm/java-21-openjdk-amd64/lib/libjsvml.so
7f2f804fd000-7f2f804fe000 ---p 00000000 00:00 0 
7f2f804fe000-7f2f80502000 ---p 00000000 00:00 0 
7f2f80502000-7f2f805fe000 rw-p 00000000 00:00 0 
7f2f805fe000-7f2f805ff000 ---p 00000000 00:00 0 
7f2f805ff000-7f2f80603000 ---p 00000000 00:00 0 
7f2f80603000-7f2f806ff000 rw-p 00000000 00:00 0 
7f2f806ff000-7f2f80700000 ---p 00000000 00:00 0 
7f2f80700000-7f2f80704000 ---p 00000000 00:00 0 
7f2f80704000-7f2f80800000 rw-p 00000000 00:00 0 
7f2f80800000-7f2f80a78000 r--p 00000000 103:03 4211636                   /usr/lib/locale/aa_DJ.utf8/LC_COLLATE
7f2f80ad8000-7f2f80c50000 rw-p 00000000 00:00 0 
7f2f80c50000-7f2f847f8000 ---p 00000000 00:00 0 
7f2f847f8000-7f2f84800000 rw-p 00000000 00:00 0 
7f2f84800000-7f2f85270000 rwxp 00000000 00:00 0 
7f2f85270000-7f2f8bd37000 ---p 00000000 00:00 0 
7f2f8bd37000-7f2f8bfa7000 rwxp 00000000 00:00 0 
7f2f8bfa7000-7f2f8c2c9000 ---p 00000000 00:00 0 
7f2f8c2c9000-7f2f8c769000 rwxp 00000000 00:00 0 
7f2f8c769000-7f2f93800000 ---p 00000000 00:00 0 
7f2f93800000-7f2f9be51000 r--s 00000000 103:03 4887183                   /usr/lib/jvm/java-21-openjdk-amd64/lib/modules
7f2f9be51000-7f2f9be59000 r--p 00000000 103:03 3937903                   /usr/lib/x86_64-linux-gnu/libnss_mymachines.so.2
7f2f9be59000-7f2f9be93000 r-xp 00008000 103:03 3937903                   /usr/lib/x86_64-linux-gnu/libnss_mymachines.so.2
7f2f9be93000-7f2f9bea6000 r--p 00042000 103:03 3937903                   /usr/lib/x86_64-linux-gnu/libnss_mymachines.so.2
7f2f9bea6000-7f2f9bea9000 r--p 00055000 103:03 3937903                   /usr/lib/x86_64-linux-gnu/libnss_mymachines.so.2
7f2f9bea9000-7f2f9beaa000 rw-p 00058000 103:03 3937903                   /usr/lib/x86_64-linux-gnu/libnss_mymachines.so.2
7f2f9beaa000-7f2f9beab000 rw-p 00000000 00:00 0 
7f2f9beab000-7f2f9beb1000 r--p 00000000 103:03 3948023                   /usr/lib/x86_64-linux-gnu/libnss_myhostname.so.2
7f2f9beb1000-7f2f9bec4000 r-xp 00006000 103:03 3948023                   /usr/lib/x86_64-linux-gnu/libnss_myhostname.so.2
7f2f9bec4000-7f2f9bed1000 r--p 00019000 103:03 3948023                   /usr/lib/x86_64-linux-gnu/libnss_myhostname.so.2
7f2f9bed1000-7f2f9bed6000 r--p 00025000 103:03 3948023                   /usr/lib/x86_64-linux-gnu/libnss_myhostname.so.2
7f2f9bed6000-7f2f9bed7000 rw-p 0002a000 103:03 3948023                   /usr/lib/x86_64-linux-gnu/libnss_myhostname.so.2
7f2f9bef1000-7f2f9bef3000 r--p 00000000 103:03 4887170                   /usr/lib/jvm/java-21-openjdk-amd64/lib/libmanagement_ext.so
7f2f9bef3000-7f2f9bef6000 r-xp 00002000 103:03 4887170                   /usr/lib/jvm/java-21-openjdk-amd64/lib/libmanagement_ext.so
7f2f9bef6000-7f2f9bef7000 r--p 00005000 103:03 4887170                   /usr/lib/jvm/java-21-openjdk-amd64/lib/libmanagement_ext.so
7f2f9bef7000-7f2f9bef8000 r--p 00006000 103:03 4887170                   /usr/lib/jvm/java-21-openjdk-amd64/lib/libmanagement_ext.so
7f2f9bef8000-7f2f9bef9000 rw-p 00007000 103:03 4887170                   /usr/lib/jvm/java-21-openjdk-amd64/lib/libmanagement_ext.so
7f2f9bef9000-7f2f9befb000 r--p 00000000 103:03 4887168                   /usr/lib/jvm/java-21-openjdk-amd64/lib/libmanagement.so
7f2f9befb000-7f2f9befc000 r-xp 00002000 103:03 4887168                   /usr/lib/jvm/java-21-openjdk-amd64/lib/libmanagement.so
7f2f9befc000-7f2f9befd000 r--p 00003000 103:03 4887168                   /usr/lib/jvm/java-21-openjdk-amd64/lib/libmanagement.so
7f2f9befd000-7f2f9befe000 r--p 00003000 103:03 4887168                   /usr/lib/jvm/java-21-openjdk-amd64/lib/libmanagement.so
7f2f9befe000-7f2f9beff000 rw-p 00004000 103:03 4887168                   /usr/lib/jvm/java-21-openjdk-amd64/lib/libmanagement.so
7f2f9beff000-7f2f9bf00000 ---p 00000000 00:00 0 
7f2f9bf00000-7f2f9bf04000 ---p 00000000 00:00 0 
7f2f9bf04000-7f2f9c000000 rw-p 00000000 00:00 0 
7f2f9c000000-7f2f9e6a7000 rw-p 00000000 00:00 0 
7f2f9e6a7000-7f2fa0000000 ---p 00000000 00:00 0 
7f2fa0001000-7f2fa0002000 r--p 00000000 103:03 4887138                   /usr/lib/jvm/java-21-openjdk-amd64/lib/libextnet.so
7f2fa0002000-7f2fa0003000 r-xp 00001000 103:03 4887138                   /usr/lib/jvm/java-21-openjdk-amd64/lib/libextnet.so
7f2fa0003000-7f2fa0004000 r--p 00002000 103:03 4887138                   /usr/lib/jvm/java-21-openjdk-amd64/lib/libextnet.so
7f2fa0004000-7f2fa0005000 r--p 00002000 103:03 4887138                   /usr/lib/jvm/java-21-openjdk-amd64/lib/libextnet.so
7f2fa0005000-7f2fa0006000 rw-p 00003000 103:03 4887138                   /usr/lib/jvm/java-21-openjdk-amd64/lib/libextnet.so
7f2fa0006000-7f2fa0009000 r--p 00000000 103:03 3933113                   /usr/lib/x86_64-linux-gnu/libcap.so.2.75
7f2fa0009000-7f2fa000e000 r-xp 00003000 103:03 3933113                   /usr/lib/x86_64-linux-gnu/libcap.so.2.75
7f2fa000e000-7f2fa0010000 r--p 00008000 103:03 3933113                   /usr/lib/x86_64-linux-gnu/libcap.so.2.75
7f2fa0010000-7f2fa0011000 r--p 0000a000 103:03 3933113                   /usr/lib/x86_64-linux-gnu/libcap.so.2.75
7f2fa0011000-7f2fa0012000 rw-p 0000b000 103:03 3933113                   /usr/lib/x86_64-linux-gnu/libcap.so.2.75
7f2fa0012000-7f2fa0016000 r--p 00000000 103:03 4887181                   /usr/lib/jvm/java-21-openjdk-amd64/lib/libverify.so
7f2fa0016000-7f2fa001d000 r-xp 00004000 103:03 4887181                   /usr/lib/jvm/java-21-openjdk-amd64/lib/libverify.so
7f2fa001d000-7f2fa001f000 r--p 0000b000 103:03 4887181                   /usr/lib/jvm/java-21-openjdk-amd64/lib/libverify.so
7f2fa001f000-7f2fa0021000 r--p 0000c000 103:03 4887181                   /usr/lib/jvm/java-21-openjdk-amd64/lib/libverify.so
7f2fa0021000-7f2fa0022000 rw-p 0000e000 103:03 4887181                   /usr/lib/jvm/java-21-openjdk-amd64/lib/libverify.so
7f2fa0022000-7f2fa0024000 r--p 00000000 103:03 4887182                   /usr/lib/jvm/java-21-openjdk-amd64/lib/libzip.so
7f2fa0024000-7f2fa0028000 r-xp 00002000 103:03 4887182                   /usr/lib/jvm/java-21-openjdk-amd64/lib/libzip.so
7f2fa0028000-7f2fa002a000 r--p 00006000 103:03 4887182                   /usr/lib/jvm/java-21-openjdk-amd64/lib/libzip.so
7f2fa002a000-7f2fa002b000 r--p 00007000 103:03 4887182                   /usr/lib/jvm/java-21-openjdk-amd64/lib/libzip.so
7f2fa002b000-7f2fa002c000 rw-p 00008000 103:03 4887182                   /usr/lib/jvm/java-21-openjdk-amd64/lib/libzip.so
7f2fa002c000-7f2fa002e000 r--p 00000000 103:03 4887172                   /usr/lib/jvm/java-21-openjdk-amd64/lib/libnet.so
7f2fa002e000-7f2fa0035000 r-xp 00002000 103:03 4887172                   /usr/lib/jvm/java-21-openjdk-amd64/lib/libnet.so
7f2fa0035000-7f2fa0037000 r--p 00009000 103:03 4887172                   /usr/lib/jvm/java-21-openjdk-amd64/lib/libnet.so
7f2fa0037000-7f2fa0038000 r--p 0000a000 103:03 4887172                   /usr/lib/jvm/java-21-openjdk-amd64/lib/libnet.so
7f2fa0038000-7f2fa0039000 rw-p 0000b000 103:03 4887172                   /usr/lib/jvm/java-21-openjdk-amd64/lib/libnet.so
7f2fa0039000-7f2fa0040000 r--p 00000000 103:03 4887173                   /usr/lib/jvm/java-21-openjdk-amd64/lib/libnio.so
7f2fa0040000-7f2fa0049000 r-xp 00007000 103:03 4887173                   /usr/lib/jvm/java-21-openjdk-amd64/lib/libnio.so
7f2fa0049000-7f2fa004d000 r--p 00010000 103:03 4887173                   /usr/lib/jvm/java-21-openjdk-amd64/lib/libnio.so
7f2fa004d000-7f2fa004e000 r--p 00014000 103:03 4887173                   /usr/lib/jvm/java-21-openjdk-amd64/lib/libnio.so
7f2fa004e000-7f2fa004f000 rw-p 00015000 103:03 4887173                   /usr/lib/jvm/java-21-openjdk-amd64/lib/libnio.so
7f2fa004f000-7f2fa0050000 ---p 00000000 00:00 0 
7f2fa0050000-7f2fa0054000 ---p 00000000 00:00 0 
7f2fa0054000-7f2fa0150000 rw-p 00000000 00:00 0 
7f2fa0150000-7f2fa0151000 ---p 00000000 00:00 0 
7f2fa0151000-7f2fa0155000 ---p 00000000 00:00 0 
7f2fa0155000-7f2fa0251000 rw-p 00000000 00:00 0 
7f2fa0251000-7f2fa0252000 ---p 00000000 00:00 0 
7f2fa0252000-7f2fa0256000 ---p 00000000 00:00 0 
7f2fa0256000-7f2fa0352000 rw-p 00000000 00:00 0 
7f2fa0352000-7f2fa03ac000 r--p 00000000 103:03 4211637                   /usr/lib/locale/aa_DJ.utf8/LC_CTYPE
7f2fa03ac000-7f2fa03ad000 ---p 00000000 00:00 0 
7f2fa03ad000-7f2fa04ad000 rw-p 00000000 00:00 0 
7f2fa04ad000-7f2fa04ae000 ---p 00000000 00:00 0 
7f2fa04ae000-7f2fa05ae000 rw-p 00000000 00:00 0 
7f2fa05ae000-7f2fa06cb000 rw-p 00000000 00:00 0 
7f2fa06cb000-7f2fa06cc000 ---p 00000000 00:00 0 
7f2fa06cc000-7f2fa07cc000 rw-p 00000000 00:00 0 
7f2fa07cc000-7f2fa07cd000 ---p 00000000 00:00 0 
7f2fa07cd000-7f2fa08cd000 rw-p 00000000 00:00 0 
7f2fa08cd000-7f2fa10d5000 rw-p 00000000 00:00 0 
7f2fa10d5000-7f2fa10d6000 ---p 00000000 00:00 0 
7f2fa10d6000-7f2fa11d6000 rw-p 00000000 00:00 0 
7f2fa11d6000-7f2fa11d7000 ---p 00000000 00:00 0 
7f2fa11d7000-7f2fa12d7000 rw-p 00000000 00:00 0 
7f2fa12d7000-7f2fa12d8000 ---p 00000000 00:00 0 
7f2fa12d8000-7f2fa13d8000 rw-p 00000000 00:00 0 
7f2fa13d8000-7f2fa1407000 rw-p 00000000 00:00 0 
7f2fa1407000-7f2fa1b7c000 ---p 00000000 00:00 0 
7f2fa1b7c000-7f2fa1bac000 rw-p 00000000 00:00 0 
7f2fa1bac000-7f2fa2321000 ---p 00000000 00:00 0 
7f2fa2321000-7f2fa2b34000 rw-p 00000000 00:00 0 
7f2fa2b34000-7f2fa2c15000 ---p 00000000 00:00 0 
7f2fa2c15000-7f2fa2c2a000 rw-p 00000000 00:00 0 
7f2fa2c2a000-7f2fa2d00000 ---p 00000000 00:00 0 
7f2fa2d00000-7f2fa2d04000 ---p 00000000 00:00 0 
7f2fa2d04000-7f2fa2e00000 rw-p 00000000 00:00 0 
7f2fa2e00000-7f2fa2e9d000 r--p 00000000 103:03 3932528                   /usr/lib/x86_64-linux-gnu/libstdc++.so.6.0.33
7f2fa2e9d000-7f2fa2fc6000 r-xp 0009d000 103:03 3932528                   /usr/lib/x86_64-linux-gnu/libstdc++.so.6.0.33
7f2fa2fc6000-7f2fa3054000 r--p 001c6000 103:03 3932528                   /usr/lib/x86_64-linux-gnu/libstdc++.so.6.0.33
7f2fa3054000-7f2fa305f000 r--p 00254000 103:03 3932528                   /usr/lib/x86_64-linux-gnu/libstdc++.so.6.0.33
7f2fa305f000-7f2fa3062000 rw-p 0025f000 103:03 3932528                   /usr/lib/x86_64-linux-gnu/libstdc++.so.6.0.33
7f2fa3062000-7f2fa3066000 rw-p 00000000 00:00 0 
7f2fa3068000-7f2fa3069000 r--p 00000000 103:03 4026112                   /usr/lib/x86_64-linux-gnu/libnss_mdns4_minimal.so.2
7f2fa3069000-7f2fa306b000 r-xp 00001000 103:03 4026112                   /usr/lib/x86_64-linux-gnu/libnss_mdns4_minimal.so.2
7f2fa306b000-7f2fa306c000 r--p 00003000 103:03 4026112                   /usr/lib/x86_64-linux-gnu/libnss_mdns4_minimal.so.2
7f2fa306c000-7f2fa306d000 r--p 00003000 103:03 4026112                   /usr/lib/x86_64-linux-gnu/libnss_mdns4_minimal.so.2
7f2fa306d000-7f2fa306e000 rw-p 00004000 103:03 4026112                   /usr/lib/x86_64-linux-gnu/libnss_mdns4_minimal.so.2
7f2fa306e000-7f2fa30ed000 rw-p 00000000 00:00 0 
7f2fa30ed000-7f2fa30fa000 r--p 00000000 103:03 4887151                   /usr/lib/jvm/java-21-openjdk-amd64/lib/libjava.so
7f2fa30fa000-7f2fa3108000 r-xp 0000d000 103:03 4887151                   /usr/lib/jvm/java-21-openjdk-amd64/lib/libjava.so
7f2fa3108000-7f2fa310d000 r--p 0001b000 103:03 4887151                   /usr/lib/jvm/java-21-openjdk-amd64/lib/libjava.so
7f2fa310d000-7f2fa310e000 r--p 00020000 103:03 4887151                   /usr/lib/jvm/java-21-openjdk-amd64/lib/libjava.so
7f2fa310e000-7f2fa310f000 rw-p 00021000 103:03 4887151                   /usr/lib/jvm/java-21-openjdk-amd64/lib/libjava.so
7f2fa310f000-7f2fa3110000 rw-p 00000000 00:00 0 
7f2fa3110000-7f2fa3121000 r--p 00000000 103:03 4016142                   /usr/lib/x86_64-linux-gnu/libm.so.6
7f2fa3121000-7f2fa319e000 r-xp 00011000 103:03 4016142                   /usr/lib/x86_64-linux-gnu/libm.so.6
7f2fa319e000-7f2fa31fe000 r--p 0008e000 103:03 4016142                   /usr/lib/x86_64-linux-gnu/libm.so.6
7f2fa31fe000-7f2fa31ff000 r--p 000ed000 103:03 4016142                   /usr/lib/x86_64-linux-gnu/libm.so.6
7f2fa31ff000-7f2fa3200000 rw-p 000ee000 103:03 4016142                   /usr/lib/x86_64-linux-gnu/libm.so.6
7f2fa3200000-7f2fa34a9000 r--p 00000000 103:03 4887187                   /usr/lib/jvm/java-21-openjdk-amd64/lib/server/libjvm.so
7f2fa34a9000-7f2fa4376000 r-xp 002a9000 103:03 4887187                   /usr/lib/jvm/java-21-openjdk-amd64/lib/server/libjvm.so
7f2fa4376000-7f2fa464f000 r--p 01176000 103:03 4887187                   /usr/lib/jvm/java-21-openjdk-amd64/lib/server/libjvm.so
7f2fa464f000-7f2fa4725000 r--p 0144f000 103:03 4887187                   /usr/lib/jvm/java-21-openjdk-amd64/lib/server/libjvm.so
7f2fa4725000-7f2fa4755000 rw-p 01525000 103:03 4887187                   /usr/lib/jvm/java-21-openjdk-amd64/lib/server/libjvm.so
7f2fa4755000-7f2fa47bb000 rw-p 00000000 00:00 0 
7f2fa47bb000-7f2fa47bc000 r--p 00000000 103:03 4211657                   /usr/lib/locale/aa_ET/LC_NUMERIC
7f2fa47bc000-7f2fa47bd000 r--p 00000000 103:03 4596111                   /usr/lib/locale/en_US.utf8/LC_TIME
7f2fa47bd000-7f2fa47be000 r--p 00000000 103:03 4595592                   /usr/lib/locale/chr_US/LC_MONETARY
7f2fa47be000-7f2fa47bf000 r--p 00000000 103:03 4595908                   /usr/lib/locale/en_AG/LC_MESSAGES/SYS_LC_MESSAGES
7f2fa47bf000-7f2fa47c0000 r--p 00000000 103:03 4595594                   /usr/lib/locale/chr_US/LC_PAPER
7f2fa47c0000-7f2fa47c1000 r--p 00000000 103:03 4595423                   /usr/lib/locale/bi_VU/LC_NAME
7f2fa47c1000-7f2fa47c2000 r--p 00000000 103:03 4596109                   /usr/lib/locale/en_US.utf8/LC_ADDRESS
7f2fa47c2000-7f2fa47c3000 r--p 00000000 103:03 4595595                   /usr/lib/locale/chr_US/LC_TELEPHONE
7f2fa47c3000-7f2fa47c7000 r--p 00000000 103:03 3932165                   /usr/lib/x86_64-linux-gnu/libgcc_s.so.1
7f2fa47c7000-7f2fa47ea000 r-xp 00004000 103:03 3932165                   /usr/lib/x86_64-linux-gnu/libgcc_s.so.1
7f2fa47ea000-7f2fa47ee000 r--p 00027000 103:03 3932165                   /usr/lib/x86_64-linux-gnu/libgcc_s.so.1
7f2fa47ee000-7f2fa47ef000 r--p 0002b000 103:03 3932165                   /usr/lib/x86_64-linux-gnu/libgcc_s.so.1
7f2fa47ef000-7f2fa47f0000 rw-p 0002c000 103:03 3932165                   /usr/lib/x86_64-linux-gnu/libgcc_s.so.1
7f2fa47f0000-7f2fa47f2000 rw-p 00000000 00:00 0 
7f2fa47f2000-7f2fa481a000 r--p 00000000 103:03 4016136                   /usr/lib/x86_64-linux-gnu/libc.so.6
7f2fa481a000-7f2fa497d000 r-xp 00028000 103:03 4016136                   /usr/lib/x86_64-linux-gnu/libc.so.6
7f2fa497d000-7f2fa49d3000 r--p 0018b000 103:03 4016136                   /usr/lib/x86_64-linux-gnu/libc.so.6
7f2fa49d3000-7f2fa49d7000 r--p 001e0000 103:03 4016136                   /usr/lib/x86_64-linux-gnu/libc.so.6
7f2fa49d7000-7f2fa49d9000 rw-p 001e4000 103:03 4016136                   /usr/lib/x86_64-linux-gnu/libc.so.6
7f2fa49d9000-7f2fa49e6000 rw-p 00000000 00:00 0 
7f2fa49e6000-7f2fa49e8000 r--p 00000000 103:03 4887159                   /usr/lib/jvm/java-21-openjdk-amd64/lib/libjli.so
7f2fa49e8000-7f2fa49f2000 r-xp 00002000 103:03 4887159                   /usr/lib/jvm/java-21-openjdk-amd64/lib/libjli.so
7f2fa49f2000-7f2fa49f5000 r--p 0000c000 103:03 4887159                   /usr/lib/jvm/java-21-openjdk-amd64/lib/libjli.so
7f2fa49f5000-7f2fa49f6000 r--p 0000f000 103:03 4887159                   /usr/lib/jvm/java-21-openjdk-amd64/lib/libjli.so
7f2fa49f6000-7f2fa49f7000 rw-p 00010000 103:03 4887159                   /usr/lib/jvm/java-21-openjdk-amd64/lib/libjli.so
7f2fa49f7000-7f2fa49fa000 r--p 00000000 103:03 3934321                   /usr/lib/x86_64-linux-gnu/libz.so.1.3.1
7f2fa49fa000-7f2fa4a0e000 r-xp 00003000 103:03 3934321                   /usr/lib/x86_64-linux-gnu/libz.so.1.3.1
7f2fa4a0e000-7f2fa4a15000 r--p 00017000 103:03 3934321                   /usr/lib/x86_64-linux-gnu/libz.so.1.3.1
7f2fa4a15000-7f2fa4a16000 r--p 0001d000 103:03 3934321                   /usr/lib/x86_64-linux-gnu/libz.so.1.3.1
7f2fa4a16000-7f2fa4a17000 rw-p 0001e000 103:03 3934321                   /usr/lib/x86_64-linux-gnu/libz.so.1.3.1
7f2fa4a17000-7f2fa4a18000 r--p 00000000 103:03 4595589                   /usr/lib/locale/chr_US/LC_MEASUREMENT
7f2fa4a18000-7f2fa4a1f000 r--s 00000000 103:03 4003311                   /usr/lib/x86_64-linux-gnu/gconv/gconv-modules.cache
7f2fa4a1f000-7f2fa4a20000 r--p 00000000 103:03 4596110                   /usr/lib/locale/en_US.utf8/LC_IDENTIFICATION
7f2fa4a20000-7f2fa4a25000 rw-p 00000000 00:00 0 
7f2fa4a25000-7f2fa4a2c000 ---p 00000000 00:00 0 
7f2fa4a2c000-7f2fa4a34000 rw-s 00000000 00:26 6125                       /tmp/hsperfdata_denis/71911
7f2fa4a34000-7f2fa4a35000 ---p 00000000 00:00 0 
7f2fa4a35000-7f2fa4a36000 r--p 00000000 00:00 0 
7f2fa4a36000-7f2fa4a37000 ---p 00000000 00:00 0 
7f2fa4a37000-7f2fa4a39000 r--p 00000000 103:03 4887157                   /usr/lib/jvm/java-21-openjdk-amd64/lib/libjimage.so
7f2fa4a39000-7f2fa4a3c000 r-xp 00002000 103:03 4887157                   /usr/lib/jvm/java-21-openjdk-amd64/lib/libjimage.so
7f2fa4a3c000-7f2fa4a3d000 r--p 00005000 103:03 4887157                   /usr/lib/jvm/java-21-openjdk-amd64/lib/libjimage.so
7f2fa4a3d000-7f2fa4a3e000 r--p 00006000 103:03 4887157                   /usr/lib/jvm/java-21-openjdk-amd64/lib/libjimage.so
7f2fa4a3e000-7f2fa4a3f000 rw-p 00007000 103:03 4887157                   /usr/lib/jvm/java-21-openjdk-amd64/lib/libjimage.so
7f2fa4a3f000-7f2fa4a41000 rw-p 00000000 00:00 0 
7f2fa4a41000-7f2fa4a45000 r--p 00000000 00:00 0                          [vvar]
7f2fa4a45000-7f2fa4a47000 r-xp 00000000 00:00 0                          [vdso]
7f2fa4a47000-7f2fa4a48000 r--p 00000000 103:03 4016130                   /usr/lib/x86_64-linux-gnu/ld-linux-x86-64.so.2
7f2fa4a48000-7f2fa4a70000 r-xp 00001000 103:03 4016130                   /usr/lib/x86_64-linux-gnu/ld-linux-x86-64.so.2
7f2fa4a70000-7f2fa4a7b000 r--p 00029000 103:03 4016130                   /usr/lib/x86_64-linux-gnu/ld-linux-x86-64.so.2
7f2fa4a7b000-7f2fa4a7d000 r--p 00034000 103:03 4016130                   /usr/lib/x86_64-linux-gnu/ld-linux-x86-64.so.2
7f2fa4a7d000-7f2fa4a7e000 rw-p 00036000 103:03 4016130                   /usr/lib/x86_64-linux-gnu/ld-linux-x86-64.so.2
7f2fa4a7e000-7f2fa4a7f000 rw-p 00000000 00:00 0 
7ffee2c5c000-7ffee2c7d000 rw-p 00000000 00:00 0                          [stack]
Total number of mappings: 447

JVMTI agents: none


VM Arguments:
java_command: target/bot-0.0.1-SNAPSHOT.jar
java_class_path (initial): target/bot-0.0.1-SNAPSHOT.jar
Launcher Type: SUN_STANDARD

[Global flags]
     intx CICompilerCount                          = 4                                         {product} {ergonomic}
     uint ConcGCThreads                            = 2                                         {product} {ergonomic}
     uint G1ConcRefinementThreads                  = 8                                         {product} {ergonomic}
   size_t G1HeapRegionSize                         = 2097152                                   {product} {ergonomic}
    uintx GCDrainStackTargetSize                   = 64                                        {product} {ergonomic}
   size_t InitialHeapSize                          = 257949696                                 {product} {ergonomic}
   size_t MarkStackSize                            = 4194304                                   {product} {ergonomic}
   size_t MaxHeapSize                              = 4104126464                                {product} {ergonomic}
   size_t MaxNewSize                               = 2462056448                                {product} {ergonomic}
   size_t MinHeapDeltaBytes                        = 2097152                                   {product} {ergonomic}
   size_t MinHeapSize                              = 8388608                                   {product} {ergonomic}
    uintx NonNMethodCodeHeapSize                   = 5839372                                {pd product} {ergonomic}
    uintx NonProfiledCodeHeapSize                  = 122909434                              {pd product} {ergonomic}
    uintx ProfiledCodeHeapSize                     = 122909434                              {pd product} {ergonomic}
    uintx ReservedCodeCacheSize                    = 251658240                              {pd product} {ergonomic}
     bool SegmentedCodeCache                       = true                                      {product} {ergonomic}
   size_t SoftMaxHeapSize                          = 4104126464                             {manageable} {ergonomic}
     bool UseCompressedOops                        = true                           {product lp64_product} {ergonomic}
     bool UseG1GC                                  = true                                      {product} {ergonomic}

Logging:
Log output configuration:
 #0: stdout all=warning uptime,level,tags foldmultilines=false
 #1: stderr all=off uptime,level,tags foldmultilines=false

Release file:
IMPLEMENTOR="Debian"
JAVA_RUNTIME_VERSION="21.0.11+10-1-deb13u2-Debian"
JAVA_VERSION="21.0.11"
JAVA_VERSION_DATE="2026-04-21"
LIBC="gnu"
MODULES="java.base java.compiler java.datatransfer java.xml java.prefs java.desktop java.instrument java.logging java.management java.security.sasl java.naming java.rmi java.management.rmi java.net.http java.scripting java.security.jgss java.transaction.xa java.sql java.sql.rowset java.xml.crypto java.se java.smartcardio jdk.accessibility jdk.internal.jvmstat jdk.attach jdk.charsets jdk.internal.opt jdk.zipfs jdk.compiler jdk.crypto.ec jdk.crypto.cryptoki jdk.dynalink jdk.internal.ed jdk.editpad jdk.hotspot.agent jdk.httpserver jdk.incubator.vector jdk.internal.le jdk.internal.vm.ci jdk.internal.vm.compiler jdk.internal.vm.compiler.management jdk.jartool jdk.javadoc jdk.jcmd jdk.management jdk.management.agent jdk.jconsole jdk.jdeps jdk.jdwp.agent jdk.jdi jdk.jfr jdk.jlink jdk.jpackage jdk.jshell jdk.jsobject jdk.jstatd jdk.localedata jdk.management.jfr jdk.naming.dns jdk.naming.rmi jdk.net jdk.nio.mapmode jdk.random jdk.sctp jdk.security.auth jdk.security.jgss jdk.unsupported jdk.unsupported.desktop jdk.xml.dom"
OS_ARCH="x86_64"
OS_NAME="Linux"
SOURCE=""

Environment Variables:
PATH=/usr/local/sbin:/usr/local/bin:/usr/sbin:/usr/bin:/snap/bin
SHELL=/bin/bash
LANG=en_US.UTF-8

Active Locale:
LC_ALL=en_US.UTF-8
LC_COLLATE=en_US.UTF-8
LC_CTYPE=en_US.UTF-8
LC_MESSAGES=en_US.UTF-8
LC_MONETARY=en_US.UTF-8
LC_NUMERIC=en_US.UTF-8
LC_TIME=en_US.UTF-8

Signal Handlers:
   SIGSEGV: crash_handler in libjvm.so, mask=11100100010111111101111111111110, flags=SA_RESTART|SA_SIGINFO, unblocked
    SIGBUS: crash_handler in libjvm.so, mask=11100100010111111101111111111110, flags=SA_RESTART|SA_SIGINFO, unblocked
    SIGFPE: crash_handler in libjvm.so, mask=11100100010111111101111111111110, flags=SA_RESTART|SA_SIGINFO, unblocked
   SIGPIPE: javaSignalHandler in libjvm.so, mask=11100100010111111101111111111110, flags=SA_RESTART|SA_SIGINFO, blocked
   SIGXFSZ: javaSignalHandler in libjvm.so, mask=11100100010111111101111111111110, flags=SA_RESTART|SA_SIGINFO, blocked
    SIGILL: crash_handler in libjvm.so, mask=11100100010111111101111111111110, flags=SA_RESTART|SA_SIGINFO, unblocked
   SIGUSR2: SR_handler in libjvm.so, mask=00000000000000000000000000000000, flags=SA_RESTART|SA_SIGINFO, blocked
    SIGHUP: UserHandler in libjvm.so, mask=11100100010111111101111111111110, flags=SA_RESTART|SA_SIGINFO, blocked
    SIGINT: UserHandler in libjvm.so, mask=11100100010111111101111111111110, flags=SA_RESTART|SA_SIGINFO, blocked
   SIGTERM: UserHandler in libjvm.so, mask=11100100010111111101111111111110, flags=SA_RESTART|SA_SIGINFO, blocked
   SIGQUIT: UserHandler in libjvm.so, mask=11100100010111111101111111111110, flags=SA_RESTART|SA_SIGINFO, blocked
   SIGTRAP: crash_handler in libjvm.so, mask=11100100010111111101111111111110, flags=SA_RESTART|SA_SIGINFO, unblocked


Periodic native trim disabled

---------------  S Y S T E M  ---------------

OS:
PRETTY_NAME="Debian GNU/Linux 13 (trixie)"
NAME="Debian GNU/Linux"
VERSION_ID="13"
VERSION="13 (trixie)"
VERSION_CODENAME=trixie
DEBIAN_VERSION_FULL=13.4
ID=debian
HOME_URL="https://www.debian.org/"
SUPPORT_URL="https://www.debian.org/support"
BUG_REPORT_URL="https://bugs.debian.org/"
uname: Linux 6.12.94+deb13-amd64 #1 SMP PREEMPT_DYNAMIC Debian 6.12.94-1 (2026-06-20) x86_64
OS uptime: 0 days 6:24 hours
libc: glibc 2.41 NPTL 2.41 
rlimit (soft/hard): STACK 8192k/infinity , CORE infinity/infinity , NPROC 61685/61685 , NOFILE 524288/524288 , AS infinity/infinity , CPU infinity/infinity , DATA infinity/infinity , FSIZE infinity/infinity , MEMLOCK 8192k/8192k
load average: 2.24 2.10 2.07

/proc/meminfo:
MemTotal:       16031184 kB
MemFree:         2784760 kB
MemAvailable:   10246596 kB
Buffers:          754408 kB
Cached:          7499160 kB
SwapCached:            0 kB
Active:          7676308 kB
Inactive:        3896516 kB
Active(anon):    4144316 kB
Inactive(anon):        0 kB
Active(file):    3531992 kB
Inactive(file):  3896516 kB
Unevictable:      732436 kB
Mlocked:           28120 kB
SwapTotal:      16513020 kB
SwapFree:       16512508 kB
Zswap:                 0 kB
Zswapped:              0 kB
Dirty:               420 kB
Writeback:             0 kB
AnonPages:       4024044 kB
Mapped:          1006888 kB
Shmem:            809556 kB
KReclaimable:     389492 kB
Slab:             615556 kB
SReclaimable:     389492 kB
SUnreclaim:       226064 kB
KernelStack:       22256 kB
PageTables:        57448 kB
SecPageTables:      4068 kB
NFS_Unstable:          0 kB
Bounce:                0 kB
WritebackTmp:          0 kB
CommitLimit:    24528612 kB
Committed_AS:   11997732 kB
VmallocTotal:   34359738367 kB
VmallocUsed:       80160 kB
VmallocChunk:          0 kB
Percpu:            10240 kB
HardwareCorrupted:     0 kB
AnonHugePages:   1054720 kB
ShmemHugePages:   630784 kB
ShmemPmdMapped:        0 kB
FileHugePages:         0 kB
FilePmdMapped:         0 kB
Unaccepted:            0 kB
HugePages_Total:       0
HugePages_Free:        0
HugePages_Rsvd:        0
HugePages_Surp:        0
Hugepagesize:       2048 kB
Hugetlb:               0 kB
DirectMap4k:      384664 kB
DirectMap2M:    10797056 kB
DirectMap1G:     6291456 kB

/sys/kernel/mm/transparent_hugepage/enabled: [always] madvise never
/sys/kernel/mm/transparent_hugepage/hpage_pmd_size: 2097152
/sys/kernel/mm/transparent_hugepage/defrag (defrag/compaction efforts parameter): always defer defer+madvise [madvise] never

Process Memory:
Virtual Size: 9149732K (peak: 9212260K)
Resident Set Size: 369464K (peak: 384184K) (anon: 342332K, file: 27100K, shmem: 32K)
Swapped out: 0K
C-Heap outstanding allocations: 113313K, retained: 39278K
glibc malloc tunables: (default)

/proc/sys/kernel/threads-max (system-wide limit on the number of threads): 123371
/proc/sys/vm/max_map_count (maximum number of memory map areas a process may have): 1048576
/proc/sys/vm/swappiness (control to define how aggressively the kernel swaps out anonymous memory): 60
/proc/sys/kernel/pid_max (system-wide limit on number of process identifiers): 4194304

container information not found.
Steal ticks since vm start: 0
Steal ticks percentage since vm start:  0.000

CPU: total 8 (initial active 8) (4 cores per cpu, 2 threads per core) family 6 model 140 stepping 1 microcode 0xbe, cx8, cmov, fxsr, ht, mmx, 3dnowpref, sse, sse2, sse3, ssse3, sse4.1, sse4.2, popcnt, lzcnt, tsc, tscinvbit, avx, avx2, aes, erms, clmul, bmi1, bmi2, adx, avx512f, avx512dq, avx512cd, avx512bw, avx512vl, sha, fma, vzeroupper, avx512_vpopcntdq, avx512_vpclmulqdq, avx512_vaes, avx512_vnni, clflush, clflushopt, clwb, avx512_vbmi2, avx512_vbmi, rdtscp, rdpid, fsrm, gfni, avx512_bitalg, f16c, pku, ospke, cet_ibt, cet_ss, avx512_ifma
CPU Model and flags from /proc/cpuinfo:
model name	: 11th Gen Intel(R) Core(TM) i7-1165G7 @ 2.80GHz
flags		: fpu vme de pse tsc msr pae mce cx8 apic sep mtrr pge mca cmov pat pse36 clflush dts acpi mmx fxsr sse sse2 ss ht tm pbe syscall nx pdpe1gb rdtscp lm constant_tsc art arch_perfmon pebs bts rep_good nopl xtopology nonstop_tsc cpuid aperfmperf tsc_known_freq pni pclmulqdq dtes64 monitor ds_cpl vmx est tm2 ssse3 sdbg fma cx16 xtpr pdcm pcid sse4_1 sse4_2 x2apic movbe popcnt tsc_deadline_timer aes xsave avx f16c rdrand lahf_lm abm 3dnowprefetch cpuid_fault epb cat_l2 cdp_l2 ssbd ibrs ibpb stibp ibrs_enhanced tpr_shadow flexpriority ept vpid ept_ad fsgsbase tsc_adjust bmi1 avx2 smep bmi2 erms invpcid rdt_a avx512f avx512dq rdseed adx smap avx512ifma clflushopt clwb intel_pt avx512cd sha_ni avx512bw avx512vl xsaveopt xsavec xgetbv1 xsaves split_lock_detect user_shstk dtherm ida arat pln pts hwp hwp_notify hwp_act_window hwp_epp hwp_pkg_req vnmi avx512vbmi umip pku ospke avx512_vbmi2 gfni vaes vpclmulqdq avx512_vnni avx512_bitalg avx512_vpopcntdq rdpid movdiri movdir64b fsrm avx512_vp2intersect md_clear ibt flush_l1d arch_capabilities

Online cpus: 0-7
Offline cpus: 
BIOS frequency limitation: <Not Available>
Frequency switch latency (ns): 0
Available cpu frequencies: <Not Available>
Current governor: powersave
Core performance/turbo boost: <Not Available>

Memory: 4k page, physical 16031184k(10246596k free), swap 16513020k(16512508k free)
Page Sizes: 4k

vm_info: OpenJDK 64-Bit Server VM (21.0.11+10-1-deb13u2-Debian) for linux-amd64 JRE (21.0.11+10-1-deb13u2-Debian), built on 2026-04-26T12:23:41Z by "sbuild" with gcc 14.2.0

END.
